Component: ARM Compiler 5.05 update 1 (build 106) Tool: armlink [4d0efa]

==============================================================================

Section Cross References

    port.o(.emb_text) refers to tasks.o(i.vTaskSwitchContext) for vTaskSwitchContext
    port.o(.emb_text) refers to tasks.o(.data) for pxCurrentTCB
    port.o(i.prvTaskExitError) refers to port.o(.data) for uxCriticalNesting
    port.o(i.pxPortInitialiseStack) refers to port.o(i.prvTaskExitError) for prvTaskExitError
    port.o(i.vPortEndScheduler) refers to port.o(.data) for uxCriticalNesting
    port.o(i.vPortEnterCritical) refers to port.o(.data) for uxCriticalNesting
    port.o(i.vPortExitCritical) refers to port.o(.data) for uxCriticalNesting
    port.o(i.vPortSetupTimerInterrupt) refers to system_stm32l4xx.o(.data) for SystemCoreClock
    port.o(i.vPortValidateInterruptPriority) refers to port.o(.emb_text) for vPortGetIPSR
    port.o(i.vPortValidateInterruptPriority) refers to port.o(.data) for ucMaxSysCallPriority
    port.o(i.xPortStartScheduler) refers to port.o(i.vPortSetupTimerInterrupt) for vPortSetupTimerInterrupt
    port.o(i.xPortStartScheduler) refers to port.o(.emb_text) for __asm___6_port_c_39a90d8d__prvEnableVFP
    port.o(i.xPortStartScheduler) refers to port.o(.data) for ucMaxSysCallPriority
    port.o(i.xPortSysTickHandler) refers to tasks.o(i.xTaskIncrementTick) for xTaskIncrementTick
    cmsis_os.o(i.osDelay) refers to tasks.o(i.vTaskDelay) for vTaskDelay
    cmsis_os.o(i.osKernelRunning) refers to tasks.o(i.xTaskGetSchedulerState) for xTaskGetSchedulerState
    cmsis_os.o(i.osKernelStart) refers to tasks.o(i.vTaskStartScheduler) for vTaskStartScheduler
    cmsis_os.o(i.osKernelSysTick) refers to cmsis_os.o(i.inHandlerMode) for inHandlerMode
    cmsis_os.o(i.osKernelSysTick) refers to tasks.o(i.xTaskGetTickCountFromISR) for xTaskGetTickCountFromISR
    cmsis_os.o(i.osKernelSysTick) refers to tasks.o(i.xTaskGetTickCount) for xTaskGetTickCount
    cmsis_os.o(i.osMailAlloc) refers to cmsis_os.o(i.osPoolAlloc) for osPoolAlloc
    cmsis_os.o(i.osMailCAlloc) refers to cmsis_os.o(i.osMailAlloc) for osMailAlloc
    cmsis_os.o(i.osMailCreate) refers to heap_4.o(i.pvPortMalloc) for pvPortMalloc
    cmsis_os.o(i.osMailCreate) refers to queue.o(i.xQueueGenericCreate) for xQueueGenericCreate
    cmsis_os.o(i.osMailCreate) refers to heap_4.o(i.vPortFree) for vPortFree
    cmsis_os.o(i.osMailCreate) refers to cmsis_os.o(i.osPoolCreate) for osPoolCreate
    cmsis_os.o(i.osMailFree) refers to cmsis_os.o(i.osPoolFree) for osPoolFree
    cmsis_os.o(i.osMailGet) refers to cmsis_os.o(i.inHandlerMode) for inHandlerMode
    cmsis_os.o(i.osMailGet) refers to queue.o(i.xQueueReceiveFromISR) for xQueueReceiveFromISR
    cmsis_os.o(i.osMailGet) refers to queue.o(i.xQueueGenericReceive) for xQueueGenericReceive
    cmsis_os.o(i.osMailPut) refers to cmsis_os.o(i.inHandlerMode) for inHandlerMode
    cmsis_os.o(i.osMailPut) refers to queue.o(i.xQueueGenericSendFromISR) for xQueueGenericSendFromISR
    cmsis_os.o(i.osMailPut) refers to queue.o(i.xQueueGenericSend) for xQueueGenericSend
    cmsis_os.o(i.osMessageAvailableSpace) refers to queue.o(i.uxQueueSpacesAvailable) for uxQueueSpacesAvailable
    cmsis_os.o(i.osMessageCreate) refers to queue.o(i.xQueueGenericCreate) for xQueueGenericCreate
    cmsis_os.o(i.osMessageDelete) refers to cmsis_os.o(i.inHandlerMode) for inHandlerMode
    cmsis_os.o(i.osMessageDelete) refers to queue.o(i.vQueueDelete) for vQueueDelete
    cmsis_os.o(i.osMessageGet) refers to cmsis_os.o(i.inHandlerMode) for inHandlerMode
    cmsis_os.o(i.osMessageGet) refers to queue.o(i.xQueueReceiveFromISR) for xQueueReceiveFromISR
    cmsis_os.o(i.osMessageGet) refers to queue.o(i.xQueueGenericReceive) for xQueueGenericReceive
    cmsis_os.o(i.osMessagePeek) refers to queue.o(i.xQueueGenericReceive) for xQueueGenericReceive
    cmsis_os.o(i.osMessagePut) refers to cmsis_os.o(i.inHandlerMode) for inHandlerMode
    cmsis_os.o(i.osMessagePut) refers to queue.o(i.xQueueGenericSendFromISR) for xQueueGenericSendFromISR
    cmsis_os.o(i.osMessagePut) refers to queue.o(i.xQueueGenericSend) for xQueueGenericSend
    cmsis_os.o(i.osMessageWaiting) refers to cmsis_os.o(i.inHandlerMode) for inHandlerMode
    cmsis_os.o(i.osMessageWaiting) refers to queue.o(i.uxQueueMessagesWaitingFromISR) for uxQueueMessagesWaitingFromISR
    cmsis_os.o(i.osMessageWaiting) refers to queue.o(i.uxQueueMessagesWaiting) for uxQueueMessagesWaiting
    cmsis_os.o(i.osMutexCreate) refers to queue.o(i.xQueueCreateMutex) for xQueueCreateMutex
    cmsis_os.o(i.osMutexDelete) refers to cmsis_os.o(i.inHandlerMode) for inHandlerMode
    cmsis_os.o(i.osMutexDelete) refers to queue.o(i.vQueueDelete) for vQueueDelete
    cmsis_os.o(i.osMutexRelease) refers to cmsis_os.o(i.inHandlerMode) for inHandlerMode
    cmsis_os.o(i.osMutexRelease) refers to queue.o(i.xQueueGiveFromISR) for xQueueGiveFromISR
[...]
    COMP_IRQHandler                          0x08000277   Thumb Code     0  startup_stm32l433xx.o(.text)
    CRS_IRQHandler                           0x08000277   Thumb Code     0  startup_stm32l433xx.o(.text)
    DMA1_Channel4_IRQHandler                 0x08000277   Thumb Code     0  startup_stm32l433xx.o(.text)
    DMA1_Channel5_IRQHandler                 0x08000277   Thumb Code     0  startup_stm32l433xx.o(.text)
    DMA2_Channel1_IRQHandler                 0x08000277   Thumb Code     0  startup_stm32l433xx.o(.text)
    DMA2_Channel2_IRQHandler                 0x08000277   Thumb Code     0  startup_stm32l433xx.o(.text)
    DMA2_Channel3_IRQHandler                 0x08000277   Thumb Code     0  startup_stm32l433xx.o(.text)
    DMA2_Channel4_IRQHandler                 0x08000277   Thumb Code     0  startup_stm32l433xx.o(.text)
    DMA2_Channel5_IRQHandler                 0x08000277   Thumb Code     0  startup_stm32l433xx.o(.text)
    DMA2_Channel6_IRQHandler                 0x08000277   Thumb Code     0  startup_stm32l433xx.o(.text)
    DMA2_Channel7_IRQHandler                 0x08000277   Thumb Code     0  startup_stm32l433xx.o(.text)
    EXTI0_IRQHandler                         0x08000277   Thumb Code     0  startup_stm32l433xx.o(.text)
    EXTI15_10_IRQHandler                     0x08000277   Thumb Code     0  startup_stm32l433xx.o(.text)
    EXTI1_IRQHandler                         0x08000277   Thumb Code     0  startup_stm32l433xx.o(.text)
    EXTI2_IRQHandler                         0x08000277   Thumb Code     0  startup_stm32l433xx.o(.text)
    EXTI3_IRQHandler                         0x08000277   Thumb Code     0  startup_stm32l433xx.o(.text)
    EXTI4_IRQHandler                         0x08000277   Thumb Code     0  startup_stm32l433xx.o(.text)
    EXTI9_5_IRQHandler                       0x08000277   Thumb Code     0  startup_stm32l433xx.o(.text)
    FLASH_IRQHandler                         0x08000277   Thumb Code     0  startup_stm32l433xx.o(.text)
    FPU_IRQHandler                           0x08000277   Thumb Code     0  startup_stm32l433xx.o(.text)
    I2C1_ER_IRQHandler                       0x08000277   Thumb Code     0  startup_stm32l433xx.o(.text)
    I2C1_EV_IRQHandler                       0x08000277   Thumb Code     0  startup_stm32l433xx.o(.text)
    I2C2_ER_IRQHandler                       0x08000277   Thumb Code     0  startup_stm32l433xx.o(.text)
    I2C2_EV_IRQHandler                       0x08000277   Thumb Code     0  startup_stm32l433xx.o(.text)
    I2C3_ER_IRQHandler                       0x08000277   Thumb Code     0  startup_stm32l433xx.o(.text)
    I2C3_EV_IRQHandler                       0x08000277   Thumb Code     0  startup_stm32l433xx.o(.text)
    LCD_IRQHandler                           0x08000277   Thumb Code     0  startup_stm32l433xx.o(.text)
    LPTIM1_IRQHandler                        0x08000277   Thumb Code     0  startup_stm32l433xx.o(.text)
    LPTIM2_IRQHandler                        0x08000277   Thumb Code     0  startup_stm32l433xx.o(.text)
    LPUART1_IRQHandler                       0x08000277   Thumb Code     0  startup_stm32l433xx.o(.text)
    PVD_PVM_IRQHandler                       0x08000277   Thumb Code     0  startup_stm32l433xx.o(.text)
    QUADSPI_IRQHandler                       0x08000277   Thumb Code     0  startup_stm32l433xx.o(.text)
    RCC_IRQHandler                           0x08000277   Thumb Code     0  startup_stm32l433xx.o(.text)
    RNG_IRQHandler                           0x08000277   Thumb Code     0  startup_stm32l433xx.o(.text)
    RTC_Alarm_IRQHandler                     0x08000277   Thumb Code     0  startup_stm32l433xx.o(.text)
    RTC_WKUP_IRQHandler                      0x08000277   Thumb Code     0  startup_stm32l433xx.o(.text)
    SAI1_IRQHandler                          0x08000277   Thumb Code     0  startup_stm32l433xx.o(.text)
    SDMMC1_IRQHandler                        0x08000277   Thumb Code     0  startup_stm32l433xx.o(.text)
    SPI1_IRQHandler                          0x08000277   Thumb Code     0  startup_stm32l433xx.o(.text)
    SPI2_IRQHandler                          0x08000277   Thumb Code     0  startup_stm32l433xx.o(.text)
    SPI3_IRQHandler                          0x08000277   Thumb Code     0  startup_stm32l433xx.o(.text)
    SWPMI1_IRQHandler                        0x08000277   Thumb Code     0  startup_stm32l433xx.o(.text)
    TAMP_STAMP_IRQHandler                    0x08000277   Thumb Code     0  startup_stm32l433xx.o(.text)
    TIM1_BRK_TIM15_IRQHandler                0x08000277   Thumb Code     0  startup_stm32l433xx.o(.text)
    TIM1_CC_IRQHandler                       0x08000277   Thumb Code     0  startup_stm32l433xx.o(.text)
    TIM1_TRG_COM_IRQHandler                  0x08000277   Thumb Code     0  startup_stm32l433xx.o(.text)
    TIM2_IRQHandler                          0x08000277   Thumb Code     0  startup_stm32l433xx.o(.text)
    TSC_IRQHandler                           0x08000277   Thumb Code     0  startup_stm32l433xx.o(.text)
    USB_IRQHandler                           0x08000277   Thumb Code     0  startup_stm32l433xx.o(.text)
    WWDG_IRQHandler                          0x08000277   Thumb Code     0  startup_stm32l433xx.o(.text)
    __aeabi_uldivmod                         0x08000281   Thumb Code    98  uldiv.o(.text)
    __aeabi_memcpy                           0x080002e3   Thumb Code    36  memcpya.o(.text)
    __aeabi_memcpy4                          0x080002e3   Thumb Code     0  memcpya.o(.text)
    __aeabi_memcpy8                          0x080002e3   Thumb Code     0  memcpya.o(.text)
    __aeabi_memset                           0x08000307   Thumb Code    14  memseta.o(.text)
    __aeabi_memset4                          0x08000307   Thumb Code     0  memseta.o(.text)
    __aeabi_memset8                          0x08000307   Thumb Code     0  memseta.o(.text)
    __aeabi_memclr                           0x08000315   Thumb Code     4  memseta.o(.text)
    __aeabi_memclr4                          0x08000315   Thumb Code     0  memseta.o(.text)
    __aeabi_memclr8                          0x08000315   Thumb Code     0  memseta.o(.text)
    _memset$wrapper                          0x08000319   Thumb Code    18  memseta.o(.text)
    __aeabi_dmul                             0x0800032b   Thumb Code   228  dmul.o(.text)
    __aeabi_ddiv                             0x0800040f   Thumb Code   222  ddiv.o(.text)
    __aeabi_d2uiz                            0x080004ed   Thumb Code    50  dfixui.o(.text)
    __aeabi_f2d                              0x0800051f   Thumb Code    38  f2d.o(.text)
    __aeabi_d2f                              0x08000545   Thumb Code    56  d2f.o(.text)
    __aeabi_uidiv                            0x0800057d   Thumb Code     0  uidiv.o(.text)
    __aeabi_uidivmod                         0x0800057d   Thumb Code    44  uidiv.o(.text)
    __aeabi_llsl                             0x080005a9   Thumb Code    30  llshl.o(.text)
    _ll_shift_l                              0x080005a9   Thumb Code     0  llshl.o(.text)
    __aeabi_llsr                             0x080005c7   Thumb Code    32  llushr.o(.text)
    _ll_ushift_r                             0x080005c7   Thumb Code     0  llushr.o(.text)
    __I$use$fp                               0x080005e7   Thumb Code     0  iusefp.o(.text)
    _float_round                             0x080005e7   Thumb Code    18  fepilogue.o(.text)
    _float_epilogue                          0x080005f9   Thumb Code    92  fepilogue.o(.text)
    _double_round                            0x08000655   Thumb Code    30  depilogue.o(.text)
    _double_epilogue                         0x08000673   Thumb Code   156  depilogue.o(.text)
    __aeabi_dadd                             0x0800070f   Thumb Code   322  dadd.o(.text)
    __aeabi_dsub                             0x08000851   Thumb Code     6  dadd.o(.text)
    __aeabi_drsub                            0x08000857   Thumb Code     6  dadd.o(.text)
    __aeabi_d2ulz                            0x0800085d   Thumb Code    48  dfixul.o(.text)
    __aeabi_cdrcmple                         0x0800088d   Thumb Code    48  cdrcmple.o(.text)
    __scatterload                            0x080008bd   Thumb Code    28  init.o(.text)
    __scatterload_rt2                        0x080008bd   Thumb Code     0  init.o(.text)
    __aeabi_lasr                             0x080008e1   Thumb Code    36  llsshr.o(.text)
    _ll_sshift_r                             0x080008e1   Thumb Code     0  llsshr.o(.text)
    __decompress                             0x08000905   Thumb Code     0  __dczerorl2.o(.text)
    __decompress1                            0x08000905   Thumb Code    86  __dczerorl2.o(.text)
    ADC_ConversionStop                       0x0800095d   Thumb Code   264  stm32l4xx_hal_adc.o(i.ADC_ConversionStop)
    ADC_DMAConvCplt                          0x08000a69   Thumb Code   142  stm32l4xx_hal_adc.o(i.ADC_DMAConvCplt)
    ADC_DMAError                             0x08000af7   Thumb Code    30  stm32l4xx_hal_adc.o(i.ADC_DMAError)
    ADC_DMAHalfConvCplt                      0x08000b15   Thumb Code    14  stm32l4xx_hal_adc.o(i.ADC_DMAHalfConvCplt)
    ADC_Disable                              0x08000b23   Thumb Code   152  stm32l4xx_hal_adc.o(i.ADC_Disable)
    ADC_Enable                               0x08000bbd   Thumb Code   154  stm32l4xx_hal_adc.o(i.ADC_Enable)
    ADC_supply_voltage                       0x08000c5d   Thumb Code    94  freertos.o(i.ADC_supply_voltage)
    Acceleration_Task                        0x08000ccd   Thumb Code   376  freertos.o(i.Acceleration_Task)
    BusFault_Handler                         0x08000e91   Thumb Code     4  stm32l4xx_it.o(i.BusFault_Handler)
    Button_Task                              0x08000e95   Thumb Code   252  freertos.o(i.Button_Task)
    DAC_Task                                 0x08000fbd   Thumb Code   116  freertos.o(i.DAC_Task)
    DMA1_Channel1_IRQHandler                 0x08001051   Thumb Code    60  stm32l4xx_it.o(i.DMA1_Channel1_IRQHandler)
    DMA1_Channel2_IRQHandler                 0x0800109d   Thumb Code    10  stm32l4xx_it.o(i.DMA1_Channel2_IRQHandler)
    DMA1_Channel3_IRQHandler                 0x080010ad   Thumb Code    10  stm32l4xx_it.o(i.DMA1_Channel3_IRQHandler)
    DMA1_Channel6_IRQHandler                 0x080010bd   Thumb Code    10  stm32l4xx_it.o(i.DMA1_Channel6_IRQHandler)
    DMA1_Channel7_IRQHandler                 0x080010cd   Thumb Code    10  stm32l4xx_it.o(i.DMA1_Channel7_IRQHandler)
    Data_Storage_Task                        0x08001109   Thumb Code   338  freertos.o(i.Data_Storage_Task)
    DebugMon_Handler                         0x0800128d   Thumb Code     2  stm32l4xx_it.o(i.DebugMon_Handler)
    Displacement_Task                        0x08001291   Thumb Code   152  freertos.o(i.Displacement_Task)
    Display_Task                             0x08001341   Thumb Code   698  freertos.o(i.Display_Task)
    FLASH_FlushCaches                        0x080016c5   Thumb Code   112  stm32l4xx_hal_flash_ex.o(i.FLASH_FlushCaches)
    FLASH_PageErase                          0x08001761   Thumb Code    52  stm32l4xx_hal_flash_ex.o(i.FLASH_PageErase)
    FLASH_WaitForLastOperation               0x08001911   Thumb Code   192  stm32l4xx_hal_flash.o(i.FLASH_WaitForLastOperation)
    FilterInit                               0x080019d5   Thumb Code   302  freertos.o(i.FilterInit)
    GetRunIdle                               0x08001b75   Thumb Code    22  task_manager.o(i.GetRunIdle)
    HAL_ADCEx_DisableInjectedQueue           0x08001b8b   Thumb Code    40  stm32l4xx_hal_adc_ex.o(i.HAL_ADCEx_DisableInjectedQueue)
    HAL_ADCEx_InjectedConfigChannel          0x08001bb5   Thumb Code  1714  stm32l4xx_hal_adc_ex.o(i.HAL_ADCEx_InjectedConfigChannel)
    HAL_ADCEx_InjectedGetValue               0x08002281   Thumb Code    58  stm32l4xx_hal_adc_ex.o(i.HAL_ADCEx_InjectedGetValue)
    HAL_ADCEx_InjectedPollForConversion      0x080022bd   Thumb Code   224  stm32l4xx_hal_adc_ex.o(i.HAL_ADCEx_InjectedPollForConversion)
    HAL_ADCEx_InjectedStart                  0x080023a1   Thumb Code   186  stm32l4xx_hal_adc_ex.o(i.HAL_ADCEx_InjectedStart)
    HAL_ADCEx_InjectedStop                   0x0800245b   Thumb Code    96  stm32l4xx_hal_adc_ex.o(i.HAL_ADCEx_InjectedStop)
    HAL_ADC_ConfigChannel                    0x080024bd   Thumb Code  1232  stm32l4xx_hal_adc.o(i.HAL_ADC_ConfigChannel)
    HAL_ADC_ConvCpltCallback                 0x080029a1   Thumb Code     2  stm32l4xx_hal_adc.o(i.HAL_ADC_ConvCpltCallback)
    HAL_ADC_ConvHalfCpltCallback             0x080029a3   Thumb Code     2  stm32l4xx_hal_adc.o(i.HAL_ADC_ConvHalfCpltCallback)
    HAL_ADC_ErrorCallback                    0x080029a5   Thumb Code     2  stm32l4xx_hal_adc.o(i.HAL_ADC_ErrorCallback)
    HAL_ADC_Init                             0x080029a9   Thumb Code   542  stm32l4xx_hal_adc.o(i.HAL_ADC_Init)
    HAL_ADC_MspInit                          0x08002bd9   Thumb Code   150  adc.o(i.HAL_ADC_MspInit)
    HAL_ADC_Start_DMA                        0x08002c95   Thumb Code   212  stm32l4xx_hal_adc.o(i.HAL_ADC_Start_DMA)
    HAL_DACEx_DMAUnderrunCallbackCh2         0x08002d75   Thumb Code     2  stm32l4xx_hal_dac_ex.o(i.HAL_DACEx_DMAUnderrunCallbackCh2)
    HAL_DAC_ConfigChannel                    0x08002d77   Thumb Code   352  stm32l4xx_hal_dac.o(i.HAL_DAC_ConfigChannel)
    HAL_DAC_DMAUnderrunCallbackCh1           0x08002ed7   Thumb Code     2  stm32l4xx_hal_dac.o(i.HAL_DAC_DMAUnderrunCallbackCh1)
    HAL_DAC_IRQHandler                       0x08002ed9   Thumb Code   138  stm32l4xx_hal_dac.o(i.HAL_DAC_IRQHandler)
    HAL_DAC_Init                             0x08002f63   Thumb Code    40  stm32l4xx_hal_dac.o(i.HAL_DAC_Init)
    HAL_DAC_MspInit                          0x08002f8d   Thumb Code    84  dac.o(i.HAL_DAC_MspInit)
    HAL_DAC_SetValue                         0x08002fe9   Thumb Code    44  stm32l4xx_hal_dac.o(i.HAL_DAC_SetValue)
    HAL_DAC_Start                            0x08003015   Thumb Code   108  stm32l4xx_hal_dac.o(i.HAL_DAC_Start)
    HAL_DMA_Abort                            0x08003081   Thumb Code    74  stm32l4xx_hal_dma.o(i.HAL_DMA_Abort)
    HAL_DMA_Abort_IT                         0x080030cb   Thumb Code    88  stm32l4xx_hal_dma.o(i.HAL_DMA_Abort_IT)
    HAL_DMA_IRQHandler                       0x08003123   Thumb Code   230  stm32l4xx_hal_dma.o(i.HAL_DMA_IRQHandler)
    HAL_DMA_Init                             0x08003209   Thumb Code   262  stm32l4xx_hal_dma.o(i.HAL_DMA_Init)
    HAL_DMA_Start_IT                         0x08003319   Thumb Code   156  stm32l4xx_hal_dma.o(i.HAL_DMA_Start_IT)
    HAL_Delay                                0x080033b5   Thumb Code    32  stm32l4xx_hal.o(i.HAL_Delay)
    HAL_FLASHEx_Erase                        0x080033d5   Thumb Code   264  stm32l4xx_hal_flash_ex.o(i.HAL_FLASHEx_Erase)
    HAL_FLASH_Lock                           0x080034e5   Thumb Code    16  stm32l4xx_hal_flash.o(i.HAL_FLASH_Lock)
    HAL_FLASH_Program                        0x080034f9   Thumb Code   190  stm32l4xx_hal_flash.o(i.HAL_FLASH_Program)
    HAL_FLASH_Unlock                         0x080035c1   Thumb Code    30  stm32l4xx_hal_flash.o(i.HAL_FLASH_Unlock)
    HAL_GPIO_Init                            0x080035ed   Thumb Code   432  stm32l4xx_hal_gpio.o(i.HAL_GPIO_Init)
    HAL_GPIO_ReadPin                         0x080037b9   Thumb Code    16  stm32l4xx_hal_gpio.o(i.HAL_GPIO_ReadPin)
    HAL_GPIO_TogglePin                       0x080037c9   Thumb Code     8  stm32l4xx_hal_gpio.o(i.HAL_GPIO_TogglePin)
    HAL_GPIO_WritePin                        0x080037d1   Thumb Code    10  stm32l4xx_hal_gpio.o(i.HAL_GPIO_WritePin)
    HAL_GetTick                              0x080037dd   Thumb Code     6  stm32l4xx_hal.o(i.HAL_GetTick)
    HAL_IncTick                              0x080037e9   Thumb Code    12  stm32l4xx_hal.o(i.HAL_IncTick)
    HAL_Init                                 0x080037f9   Thumb Code    22  stm32l4xx_hal.o(i.HAL_Init)
    HAL_InitTick                             0x08003811   Thumb Code   118  stm32l4xx_hal_timebase_tim.o(i.HAL_InitTick)
    HAL_MspInit                              0x08003899   Thumb Code   140  stm32l4xx_hal_msp.o(i.HAL_MspInit)
    HAL_NVIC_EnableIRQ                       0x08003929   Thumb Code    26  stm32l4xx_hal_cortex.o(i.HAL_NVIC_EnableIRQ)
    HAL_NVIC_SetPriority                     0x08003943   Thumb Code   124  stm32l4xx_hal_cortex.o(i.HAL_NVIC_SetPriority)
    HAL_NVIC_SetPriorityGrouping             0x080039c1   Thumb Code    32  stm32l4xx_hal_cortex.o(i.HAL_NVIC_SetPriorityGrouping)
    HAL_PWREx_ControlVoltageScaling          0x080039e9   Thumb Code   128  stm32l4xx_hal_pwr_ex.o(i.HAL_PWREx_ControlVoltageScaling)
    HAL_PWREx_GetVoltageRange                0x08003a75   Thumb Code    10  stm32l4xx_hal_pwr_ex.o(i.HAL_PWREx_GetVoltageRange)
    HAL_RCCEx_PeriphCLKConfig                0x08003a85   Thumb Code   972  stm32l4xx_hal_rcc_ex.o(i.HAL_RCCEx_PeriphCLKConfig)
    HAL_RCC_ClockConfig                      0x08003e59   Thumb Code   458  stm32l4xx_hal_rcc.o(i.HAL_RCC_ClockConfig)
    HAL_RCC_GetClockConfig                   0x08004035   Thumb Code    58  stm32l4xx_hal_rcc.o(i.HAL_RCC_GetClockConfig)
    HAL_RCC_GetHCLKFreq                      0x08004079   Thumb Code     6  stm32l4xx_hal_rcc.o(i.HAL_RCC_GetHCLKFreq)
    HAL_RCC_GetPCLK1Freq                     0x08004085   Thumb Code    22  stm32l4xx_hal_rcc.o(i.HAL_RCC_GetPCLK1Freq)
    HAL_RCC_GetPCLK2Freq                     0x080040a5   Thumb Code    22  stm32l4xx_hal_rcc.o(i.HAL_RCC_GetPCLK2Freq)
    HAL_RCC_GetSysClockFreq                  0x080040c5   Thumb Code   256  stm32l4xx_hal_rcc.o(i.HAL_RCC_GetSysClockFreq)
    HAL_RCC_MCOConfig                        0x080041d1   Thumb Code    86  stm32l4xx_hal_rcc.o(i.HAL_RCC_MCOConfig)
    HAL_RCC_OscConfig                        0x0800422d   Thumb Code  1672  stm32l4xx_hal_rcc.o(i.HAL_RCC_OscConfig)
    HAL_RS485Ex_Init                         0x080048c1   Thumb Code   152  stm32l4xx_hal_uart_ex.o(i.HAL_RS485Ex_Init)
    HAL_SPI_Init                             0x0800495d   Thumb Code   192  stm32l4xx_hal_spi.o(i.HAL_SPI_Init)
    HAL_SPI_MspInit                          0x08004a1d   Thumb Code    76  spi.o(i.HAL_SPI_MspInit)
    HAL_SPI_Transmit                         0x08004a75   Thumb Code   440  stm32l4xx_hal_spi.o(i.HAL_SPI_Transmit)
    HAL_SYSTICK_CLKSourceConfig              0x08004c2d   Thumb Code    40  stm32l4xx_hal_cortex.o(i.HAL_SYSTICK_CLKSourceConfig)
    HAL_SYSTICK_Config                       0x08004c55   Thumb Code    52  stm32l4xx_hal_cortex.o(i.HAL_SYSTICK_Config)
    HAL_TIMEx_BreakCallback                  0x08004c89   Thumb Code     2  stm32l4xx_hal_tim_ex.o(i.HAL_TIMEx_BreakCallback)
    HAL_TIMEx_CommutationCallback            0x08004c8b   Thumb Code     2  stm32l4xx_hal_tim_ex.o(i.HAL_TIMEx_CommutationCallback)
    HAL_TIMEx_MasterConfigSynchronization    0x08004c8d   Thumb Code    90  stm32l4xx_hal_tim_ex.o(i.HAL_TIMEx_MasterConfigSynchronization)
    HAL_TIM_Base_Init                        0x08004ced   Thumb Code    52  stm32l4xx_hal_tim.o(i.HAL_TIM_Base_Init)
    HAL_TIM_Base_MspInit                     0x08004d21   Thumb Code   148  tim.o(i.HAL_TIM_Base_MspInit)
    HAL_TIM_Base_Start                       0x08004dc1   Thumb Code    30  stm32l4xx_hal_tim.o(i.HAL_TIM_Base_Start)
    HAL_TIM_Base_Start_IT                    0x08004ddf   Thumb Code    30  stm32l4xx_hal_tim.o(i.HAL_TIM_Base_Start_IT)
    HAL_TIM_ConfigClockSource                0x08004dfd   Thumb Code   308  stm32l4xx_hal_tim.o(i.HAL_TIM_ConfigClockSource)
    HAL_TIM_IC_CaptureCallback               0x08004f35   Thumb Code     2  stm32l4xx_hal_tim.o(i.HAL_TIM_IC_CaptureCallback)
    HAL_TIM_IRQHandler                       0x08004f37   Thumb Code   406  stm32l4xx_hal_tim.o(i.HAL_TIM_IRQHandler)
    HAL_TIM_OC_DelayElapsedCallback          0x080050cd   Thumb Code     2  stm32l4xx_hal_tim.o(i.HAL_TIM_OC_DelayElapsedCallback)
    HAL_TIM_PWM_PulseFinishedCallback        0x080050cf   Thumb Code     2  stm32l4xx_hal_tim.o(i.HAL_TIM_PWM_PulseFinishedCallback)
    HAL_TIM_PeriodElapsedCallback            0x080050d1   Thumb Code   136  main.o(i.HAL_TIM_PeriodElapsedCallback)
    HAL_TIM_TriggerCallback                  0x08005175   Thumb Code     2  stm32l4xx_hal_tim.o(i.HAL_TIM_TriggerCallback)
    HAL_UARTEx_WakeupCallback                0x08005177   Thumb Code     2  stm32l4xx_hal_uart_ex.o(i.HAL_UARTEx_WakeupCallback)
    HAL_UART_DMAStop                         0x08005179   Thumb Code   104  stm32l4xx_hal_uart.o(i.HAL_UART_DMAStop)
    HAL_UART_ErrorCallback                   0x080051e1   Thumb Code     2  stm32l4xx_hal_uart.o(i.HAL_UART_ErrorCallback)
    HAL_UART_IRQHandler                      0x080051e5   Thumb Code   394  stm32l4xx_hal_uart.o(i.HAL_UART_IRQHandler)
    HAL_UART_MspInit                         0x08005375   Thumb Code   586  usart.o(i.HAL_UART_MspInit)
    HAL_UART_Receive_DMA                     0x080055f9   Thumb Code   156  stm32l4xx_hal_uart.o(i.HAL_UART_Receive_DMA)
    HAL_UART_RxCpltCallback                  0x080056a1   Thumb Code     2  stm32l4xx_it.o(i.HAL_UART_RxCpltCallback)
    HAL_UART_RxHalfCpltCallback              0x080056a3   Thumb Code     2  stm32l4xx_hal_uart.o(i.HAL_UART_RxHalfCpltCallback)
    HAL_UART_Transmit_DMA                    0x080056a5   Thumb Code   142  stm32l4xx_hal_uart.o(i.HAL_UART_Transmit_DMA)
    HAL_UART_TxCpltCallback                  0x08005741   Thumb Code     2  stm32l4xx_hal_uart.o(i.HAL_UART_TxCpltCallback)
    HAL_UART_TxHalfCpltCallback              0x08005743   Thumb Code     2  stm32l4xx_hal_uart.o(i.HAL_UART_TxHalfCpltCallback)
    HardFault_Handler                        0x08005745   Thumb Code     4  stm32l4xx_it.o(i.HardFault_Handler)
    Integrate                                0x08005749   Thumb Code    72  freertos.o(i.Integrate)
    Lights_Task                              0x08005795   Thumb Code   130  freertos.o(i.Lights_Task)
    MX_ADC1_Init                             0x0800582d   Thumb Code   214  adc.o(i.MX_ADC1_Init)
    MX_DAC1_Init                             0x0800591d   Thumb Code    62  dac.o(i.MX_DAC1_Init)
    MX_DMA_Init                              0x08005975   Thumb Code   112  dma.o(i.MX_DMA_Init)
    MX_FREERTOS_Init                         0x080059e9   Thumb Code   932  freertos.o(i.MX_FREERTOS_Init)
    MX_GPIO_Init                             0x08005e25   Thumb Code   284  gpio.o(i.MX_GPIO_Init)
    MX_SPI2_Init                             0x08005f4d   Thumb Code    76  spi.o(i.MX_SPI2_Init)
    MX_TIM2_Init                             0x08005fb1   Thumb Code    98  tim.o(i.MX_TIM2_Init)
    MX_TIM6_Init                             0x08006029   Thumb Code    66  tim.o(i.MX_TIM6_Init)
    MX_TIM7_Init                             0x08006085   Thumb Code    68  tim.o(i.MX_TIM7_Init)
    MX_USART1_UART_Init                      0x080060e1   Thumb Code    66  usart.o(i.MX_USART1_UART_Init)
    MX_USART2_UART_Init                      0x0800613d   Thumb Code    70  usart.o(i.MX_USART2_UART_Init)
    MX_USART3_UART_Init                      0x0800619d   Thumb Code    70  usart.o(i.MX_USART3_UART_Init)
    Master_Modbus_Receive                    0x080061fd   Thumb Code   238  freertos.o(i.Master_Modbus_Receive)
    Master_Modbus_Transmit                   0x08006305   Thumb Code    76  freertos.o(i.Master_Modbus_Transmit)
    MemManage_Handler                        0x08006369   Thumb Code     4  stm32l4xx_it.o(i.MemManage_Handler)
    Modbus_Receive_Task                      0x0800636d   Thumb Code    72  freertos.o(i.Modbus_Receive_Task)
    Modbus_Transmit_Task                     0x080063c5   Thumb Code   482  freertos.o(i.Modbus_Transmit_Task)
    NMI_Handler                              0x080065c1   Thumb Code     2  stm32l4xx_it.o(i.NMI_Handler)
    Q_Average_A                              0x0800663d   Thumb Code   254  freertos.o(i.Q_Average_A)
    Q_Average_D                              0x08006781   Thumb Code   116  freertos.o(i.Q_Average_D)
    Q_Average_V                              0x08006815   Thumb Code   116  freertos.o(i.Q_Average_V)
    StartDefaultTask                         0x08006c91   Thumb Code    20  freertos.o(i.StartDefaultTask)
    SysTick_Handler                          0x08006ca5   Thumb Code     8  stm32l4xx_it.o(i.SysTick_Handler)
    SystemClock_Config                       0x08006cad   Thumb Code   238  main.o(i.SystemClock_Config)
    SystemInit                               0x08006dad   Thumb Code    68  system_stm32l4xx.o(i.SystemInit)
    TIM1_UP_TIM16_IRQHandler                 0x08006dfd   Thumb Code    10  stm32l4xx_it.o(i.TIM1_UP_TIM16_IRQHandler)
    TIM6_DAC_IRQHandler                      0x08006e0d   Thumb Code    16  stm32l4xx_it.o(i.TIM6_DAC_IRQHandler)
    TIM7_IRQHandler                          0x08006e25   Thumb Code    10  stm32l4xx_it.o(i.TIM7_IRQHandler)
    TIM_Base_SetConfig                       0x08006e35   Thumb Code    94  stm32l4xx_hal_tim.o(i.TIM_Base_SetConfig)
    TIM_ETR_SetConfig                        0x08006ea1   Thumb Code    24  stm32l4xx_hal_tim.o(i.TIM_ETR_SetConfig)
    Task_manager_Init                        0x08006f25   Thumb Code    10  task_manager.o(i.Task_manager_Init)
    Task_manager_LoadCPU                     0x08006f35   Thumb Code   110  task_manager.o(i.Task_manager_LoadCPU)
    TiggerLogic_Task                         0x08006fb5   Thumb Code   972  freertos.o(i.TiggerLogic_Task)
    UART_AdvFeatureConfig                    0x080073dd   Thumb Code   248  stm32l4xx_hal_uart.o(i.UART_AdvFeatureConfig)
    UART_CheckIdleState                      0x080074d5   Thumb Code   116  stm32l4xx_hal_uart.o(i.UART_CheckIdleState)
    UART_SetConfig                           0x08007731   Thumb Code   996  stm32l4xx_hal_uart.o(i.UART_SetConfig)
    UART_WaitOnFlagUntilTimeout              0x08007ba3   Thumb Code   108  stm32l4xx_hal_uart.o(i.UART_WaitOnFlagUntilTimeout)
    USART1_IRQHandler                        0x08007c11   Thumb Code    10  stm32l4xx_it.o(i.USART1_IRQHandler)
    USART2_IRQHandler                        0x08007c21   Thumb Code    96  stm32l4xx_it.o(i.USART2_IRQHandler)
    USART3_IRQHandler                        0x08007c91   Thumb Code    96  stm32l4xx_it.o(i.USART3_IRQHandler)
    UsageFault_Handler                       0x08007d05   Thumb Code     4  stm32l4xx_it.o(i.UsageFault_Handler)
    Velocity_Task                            0x08007d09   Thumb Code   166  freertos.o(i.Velocity_Task)
    _Error_Handler                           0x08007dcd   Thumb Code     4  main.o(i._Error_Handler)
    __0snprintf                              0x08007dd1   Thumb Code    36  printfa.o(i.__0snprintf)
    __1snprintf                              0x08007dd1   Thumb Code     0  printfa.o(i.__0snprintf)
    __2snprintf                              0x08007dd1   Thumb Code     0  printfa.o(i.__0snprintf)
    __c89snprintf                            0x08007dd1   Thumb Code     0  printfa.o(i.__0snprintf)
    snprintf                                 0x08007dd1   Thumb Code     0  printfa.o(i.__0snprintf)
    __scatterload_copy                       0x08007df9   Thumb Code    14  handlers.o(i.__scatterload_copy)
    __scatterload_null                       0x08007e07   Thumb Code     2  handlers.o(i.__scatterload_null)
    __scatterload_zeroinit                   0x08007e09   Thumb Code    14  handlers.o(i.__scatterload_zeroinit)
    arm_biquad_cascade_df1_f32               0x080086c1   Thumb Code   340  arm_biquad_cascade_df1_f32.o(i.arm_biquad_cascade_df1_f32)
    arm_biquad_cascade_df1_init_f32          0x08008815   Thumb Code    30  arm_biquad_cascade_df1_init_f32.o(i.arm_biquad_cascade_df1_init_f32)
    arm_max_f32                              0x08008833   Thumb Code   174  arm_max_f32.o(i.arm_max_f32)
    arm_mean_f32                             0x080088e1   Thumb Code   112  arm_mean_f32.o(i.arm_mean_f32)
    arm_min_f32                              0x08008955   Thumb Code   174  arm_min_f32.o(i.arm_min_f32)
    arm_rms_f32                              0x08008a05   Thumb Code   178  arm_rms_f32.o(i.arm_rms_f32)
    configureTimerForRunTimeStats            0x08008abd   Thumb Code     2  freertos.o(i.configureTimerForRunTimeStats)
    convert_float_and_swap                   0x08008abf   Thumb Code    22  main.o(i.convert_float_and_swap)
    convert_hex_to_float                     0x08008ad5   Thumb Code    32  main.o(i.convert_hex_to_float)
    crc16                                    0x08008af9   Thumb Code    40  flash_manager.o(i.crc16)
    getRunTimeCounterValue                   0x08008b25   Thumb Code     8  task_manager.o(i.getRunTimeCounterValue)
    main                                     0x08008b31   Thumb Code   568  main.o(i.main)
    osDelay                                  0x08008e17   Thumb Code    24  cmsis_os.o(i.osDelay)
    osKernelStart                            0x08008e2f   Thumb Code    10  cmsis_os.o(i.osKernelStart)
    osSystickHandler                         0x08008e39   Thumb Code    16  cmsis_os.o(i.osSystickHandler)
    osThreadCreate                           0x08008e49   Thumb Code    48  cmsis_os.o(i.osThreadCreate)
    pvPortMalloc                             0x08009459   Thumb Code   296  heap_4.o(i.pvPortMalloc)
    pvTaskIncrementMutexHeldCount            0x08009595   Thumb Code    26  tasks.o(i.pvTaskIncrementMutexHeldCount)
    pxPortInitialiseStack                    0x080095b5   Thumb Code    38  port.o(i.pxPortInitialiseStack)
    read_flash                               0x080095e1   Thumb Code     6  flash_manager.o(i.read_flash)
    read_registers_from_flash                0x080095e9   Thumb Code    82  flash_manager.o(i.read_registers_from_flash)
    ssd1306_DrawPixel                        0x08009641   Thumb Code   152  ssd1306.o(i.ssd1306_DrawPixel)
    ssd1306_Fill                             0x080096e1   Thumb Code    30  ssd1306.o(i.ssd1306_Fill)
    ssd1306_Init                             0x08009705   Thumb Code   262  ssd1306.o(i.ssd1306_Init)
    ssd1306_SetCursor                        0x08009815   Thumb Code     8  ssd1306.o(i.ssd1306_SetCursor)
    ssd1306_UpdateScreen                     0x08009821   Thumb Code    82  ssd1306.o(i.ssd1306_UpdateScreen)
    ssd1306_WriteChar                        0x08009881   Thumb Code   196  ssd1306.o(i.ssd1306_WriteChar)
    ssd1306_WriteString                      0x08009995   Thumb Code    44  ssd1306.o(i.ssd1306_WriteString)
    uxListRemove                             0x080099c1   Thumb Code    40  list.o(i.uxListRemove)
    uxQueueMessagesWaiting                   0x080099e9   Thumb Code    42  queue.o(i.uxQueueMessagesWaiting)
    vApplicationIdleHook                     0x08009a15   Thumb Code    22  main.o(i.vApplicationIdleHook)
    vListInitialise                          0x08009a35   Thumb Code    26  list.o(i.vListInitialise)
    vListInitialiseItem                      0x08009a4f   Thumb Code     6  list.o(i.vListInitialiseItem)
    vListInsert                              0x08009a55   Thumb Code    52  list.o(i.vListInsert)
    vListInsertEnd                           0x08009a89   Thumb Code    24  list.o(i.vListInsertEnd)
    vPortEnterCritical                       0x08009aa1   Thumb Code    76  port.o(i.vPortEnterCritical)
    vPortExitCritical                        0x08009af5   Thumb Code    56  port.o(i.vPortExitCritical)
    vPortFree                                0x08009b31   Thumb Code   140  heap_4.o(i.vPortFree)
    vPortSetupTimerInterrupt                 0x08009bc5   Thumb Code    26  port.o(i.vPortSetupTimerInterrupt)
    vPortValidateInterruptPriority           0x08009be5   Thumb Code   106  port.o(i.vPortValidateInterruptPriority)
    vTaskDelay                               0x08009c5d   Thumb Code    82  tasks.o(i.vTaskDelay)
    vTaskMissedYield                         0x08009cb9   Thumb Code     8  tasks.o(i.vTaskMissedYield)
    vTaskPlaceOnEventList                    0x08009cc5   Thumb Code    52  tasks.o(i.vTaskPlaceOnEventList)
    vTaskPriorityInherit                     0x08009cfd   Thumb Code   164  tasks.o(i.vTaskPriorityInherit)
    vTaskSetTimeOutState                     0x08009dad   Thumb Code    38  tasks.o(i.vTaskSetTimeOutState)
    vTaskStartScheduler                      0x08009ddd   Thumb Code   112  tasks.o(i.vTaskStartScheduler)
    vTaskSuspendAll                          0x08009e69   Thumb Code    12  tasks.o(i.vTaskSuspendAll)
    vTaskSwitchContext                       0x08009e79   Thumb Code   172  tasks.o(i.vTaskSwitchContext)
    write_flash                              0x08009f41   Thumb Code   102  flash_manager.o(i.write_flash)
    write_registers_to_flash                 0x08009fa9   Thumb Code    54  flash_manager.o(i.write_registers_to_flash)
    xPortGetFreeHeapSize                     0x08009fe5   Thumb Code     6  heap_4.o(i.xPortGetFreeHeapSize)
    xPortStartScheduler                      0x08009ff1   Thumb Code   288  port.o(i.xPortStartScheduler)
    xPortSysTickHandler                      0x0800a12d   Thumb Code    46  port.o(i.xPortSysTickHandler)
    xQueueGenericCreate                      0x0800a161   Thumb Code    88  queue.o(i.xQueueGenericCreate)
    xQueueGenericReceive                     0x0800a1b9   Thumb Code   446  queue.o(i.xQueueGenericReceive)
    xQueueGenericReset                       0x0800a37d   Thumb Code   146  queue.o(i.xQueueGenericReset)
    xQueueGenericSend                        0x0800a415   Thumb Code   420  queue.o(i.xQueueGenericSend)
    xQueueGiveFromISR                        0x0800a5bd   Thumb Code   224  queue.o(i.xQueueGiveFromISR)
    xTaskCheckForTimeOut                     0x0800a69d   Thumb Code   132  tasks.o(i.xTaskCheckForTimeOut)
    xTaskCreate                              0x0800a729   Thumb Code    96  tasks.o(i.xTaskCreate)
    xTaskGetIdleTaskHandle                   0x0800a789   Thumb Code    42  tasks.o(i.xTaskGetIdleTaskHandle)
    xTaskGetSchedulerState                   0x0800a7b9   Thumb Code    24  tasks.o(i.xTaskGetSchedulerState)
    xTaskIncrementTick                       0x0800a7d9   Thumb Code   282  tasks.o(i.xTaskIncrementTick)
    xTaskPriorityDisinherit                  0x0800a921   Thumb Code   188  tasks.o(i.xTaskPriorityDisinherit)
    xTaskRemoveFromEventList                 0x0800a9e9   Thumb Code   128  tasks.o(i.xTaskRemoveFromEventList)
    xTaskResumeAll                           0x0800aa81   Thumb Code   224  tasks.o(i.xTaskResumeAll)
    dejavu_8x14                              0x0800d700   Data        2688  dejavu_8x14.o(.constdata)
    dejavu_8x15_RU                           0x0800e180   Data        1920  dejavu_8x14.o(.constdata)
    dejavu_5x10                              0x0800e900   Data        1920  dejavu_5x10.o(.constdata)
    dejavu_5x10_RU                           0x0800f080   Data        1280  dejavu_5x10.o(.constdata)
    AHBPrescTable                            0x0800f580   Data          16  system_stm32l4xx.o(.constdata)
    APBPrescTable                            0x0800f590   Data           8  system_stm32l4xx.o(.constdata)
    MSIRangeTable                            0x0800f598   Data          48  system_stm32l4xx.o(.constdata)
    Region$$Table$$Base                      0x0800f6a0   Number         0  anon$$obj.o(Region$$Table)
    Region$$Table$$Limit                     0x0800f6c0   Number         0  anon$$obj.o(Region$$Table)
    pxCurrentTCB                             0x20000024   Data           4  tasks.o(.data)
    cpu_load2                                0x20000068   Data           8  main.o(.data)
    count_idle                               0x20000070   Data           4  main.o(.data)
    value                                    0x20000074   Data           4  main.o(.data)
    freeHeapSize                             0x20000078   Data           4  main.o(.data)
    temp1                                    0x20000080   Data           8  main.o(.data)
    temp2                                    0x20000088   Data           8  main.o(.data)
    temp3                                    0x20000090   Data           8  main.o(.data)
    temp4                                    0x20000098   Data           8  main.o(.data)
    status_flash_reg                         0x200000a0   Data           1  main.o(.data)
    default_settings                         0x200000b0   Data         220  freertos.o(.data)
    defaultTaskHandle                        0x2000018c   Data           4  freertos.o(.data)
    myTask04Handle                           0x20000190   Data           4  freertos.o(.data)
    myTask05Handle                           0x20000194   Data           4  freertos.o(.data)
    myTask06Handle                           0x20000198   Data           4  freertos.o(.data)
    myTask07Handle                           0x2000019c   Data           4  freertos.o(.data)
    myTask08Handle                           0x200001a0   Data           4  freertos.o(.data)
    myTask09Handle                           0x200001a4   Data           4  freertos.o(.data)
    myTask10Handle                           0x200001a8   Data           4  freertos.o(.data)
    myTask11Handle                           0x200001ac   Data           4  freertos.o(.data)
    myTask12Handle                           0x200001b0   Data           4  freertos.o(.data)
    myTask13Handle                           0x200001b4   Data           4  freertos.o(.data)
    myTask14Handle                           0x200001b8   Data           4  freertos.o(.data)
    myTask15Handle                           0x200001bc   Data           4  freertos.o(.data)
    myTask16Handle                           0x200001c0   Data           4  freertos.o(.data)
    myTask17Handle                           0x200001c4   Data           4  freertos.o(.data)
    myTask18Handle                           0x200001c8   Data           4  freertos.o(.data)
    myTask19Handle                           0x200001cc   Data           4  freertos.o(.data)
    myTask20Handle                           0x200001d0   Data           4  freertos.o(.data)
    Semaphore1                               0x200001d4   Data           4  freertos.o(.data)
    Semaphore2                               0x200001d8   Data           4  freertos.o(.data)
    Semaphore_Acceleration                   0x200001dc   Data           4  freertos.o(.data)
    Semaphore_Velocity                       0x200001e0   Data           4  freertos.o(.data)
    Semaphore_Displacement                   0x200001e4   Data           4  freertos.o(.data)
    Q_Semaphore_Acceleration                 0x200001e8   Data           4  freertos.o(.data)
    Q_Semaphore_Velocity                     0x200001ec   Data           4  freertos.o(.data)
    Q_Semaphore_Displacement                 0x200001f0   Data           4  freertos.o(.data)
    Semaphore_Modbus_Rx                      0x200001f4   Data           4  freertos.o(.data)
    Semaphore_Modbus_Tx                      0x200001f8   Data           4  freertos.o(.data)
    Semaphore_Master_Modbus_Rx               0x200001fc   Data           4  freertos.o(.data)
    Semaphore_Master_Modbus_Tx               0x20000200   Data           4  freertos.o(.data)
    dac_voltage                              0x20000204   Data           4  freertos.o(.data)
    mean_4_20                                0x20000208   Data           4  freertos.o(.data)
    xTimeBefore                              0x20000210   Data           8  freertos.o(.data)
    xTotalTimeSuspended                      0x20000218   Data           8  freertos.o(.data)
    acceleration_queue_icp                   0x20000220   Data           4  freertos.o(.data)
    velocity_queue_icp                       0x20000224   Data           4  freertos.o(.data)
    displacement_queue_icp                   0x20000228   Data           4  freertos.o(.data)
    queue_4_20                               0x2000022c   Data           4  freertos.o(.data)
    velocity_queue_4_20                      0x20000230   Data           4  freertos.o(.data)
    displacement_queue_4_20                  0x20000234   Data           4  freertos.o(.data)
    queue_count_A_icp                        0x20000238   Data           1  freertos.o(.data)
    queue_count_A_4_20                       0x20000239   Data           1  freertos.o(.data)
    queue_count_V_icp                        0x2000023a   Data           1  freertos.o(.data)
    queue_count_V_4_20                       0x2000023b   Data           1  freertos.o(.data)
    queue_count_D_icp                        0x2000023c   Data           1  freertos.o(.data)
    queue_count_D_4_20                       0x2000023d   Data           1  freertos.o(.data)
    button_state                             0x2000023e   Data           1  freertos.o(.data)
    master_transmitBuffer                    0x2000023f   Data           8  freertos.o(.data)
    icp_voltage                              0x20000248   Data           4  freertos.o(.data)
    lo_warning_icp                           0x2000024c   Data           4  freertos.o(.data)
    hi_warning_icp                           0x20000250   Data           4  freertos.o(.data)
    lo_emerg_icp                             0x20000254   Data           4  freertos.o(.data)
    hi_emerg_icp                             0x20000258   Data           4  freertos.o(.data)
    break_sensor_icp                         0x2000025c   Data           1  freertos.o(.data)
    break_level_icp                          0x20000260   Data           4  freertos.o(.data)
    coef_ampl_icp                            0x20000264   Data           4  freertos.o(.data)
    coef_offset_icp                          0x20000268   Data           4  freertos.o(.data)
    range_icp                                0x2000026c   Data           4  freertos.o(.data)
    filter_mode_icp                          0x20000270   Data           1  freertos.o(.data)
    rms_acceleration_icp                     0x20000274   Data           4  freertos.o(.data)
    rms_velocity_icp                         0x20000278   Data           4  freertos.o(.data)
    rms_displacement_icp                     0x2000027c   Data           4  freertos.o(.data)
    current_4_20                             0x20000280   Data           4  freertos.o(.data)
    out_required_current                     0x20000284   Data           4  freertos.o(.data)
    lo_warning_420                           0x20000288   Data           4  freertos.o(.data)
    hi_warning_420                           0x2000028c   Data           4  freertos.o(.data)
    lo_emerg_420                             0x20000290   Data           4  freertos.o(.data)
    hi_emerg_420                             0x20000294   Data           4  freertos.o(.data)
    break_sensor_420                         0x20000298   Data           1  freertos.o(.data)
    break_level_420                          0x2000029c   Data           4  freertos.o(.data)
    coef_ampl_420                            0x200002a0   Data           4  freertos.o(.data)
    coef_offset_420                          0x200002a4   Data           4  freertos.o(.data)
    range_420                                0x200002a8   Data           4  freertos.o(.data)
    calculated_value_420                     0x200002ac   Data           4  freertos.o(.data)
    slave_adr_mb_master                      0x200002b0   Data           1  freertos.o(.data)
    mb_master_BaudRate                       0x200002b4   Data           4  freertos.o(.data)
    mb_master_timeout                        0x200002b8   Data           2  freertos.o(.data)
    slave_reg_mb_master                      0x200002ba   Data           2  freertos.o(.data)
    slave_func_mb_master                     0x200002bc   Data           1  freertos.o(.data)
    mb_master_recieve_data                   0x200002c0   Data           4  freertos.o(.data)
    lo_warning_485                           0x200002c4   Data           4  freertos.o(.data)
    hi_warning_485                           0x200002c8   Data           4  freertos.o(.data)
    lo_emerg_485                             0x200002cc   Data           4  freertos.o(.data)
    hi_emerg_485                             0x200002d0   Data           4  freertos.o(.data)
    state_emerg_relay                        0x200002d4   Data           1  freertos.o(.data)
    state_warning_relay                      0x200002d5   Data           1  freertos.o(.data)
    mode_relay                               0x200002d6   Data           1  freertos.o(.data)
    source_signal_relay                      0x200002d7   Data           1  freertos.o(.data)
    delay_relay                              0x200002d8   Data           2  freertos.o(.data)
    source_signal_out420                     0x200002da   Data           1  freertos.o(.data)
    coef_1                                   0x200002dc   Data           4  freertos.o(.data)
    bin_input_state                          0x200002e0   Data           1  freertos.o(.data)
    power_supply_voltage                     0x200002e4   Data           4  freertos.o(.data)
    slave_adr                                0x200002e8   Data           2  freertos.o(.data)
    warming_up                               0x200002ea   Data           2  freertos.o(.data)
    warming_flag                             0x200002ec   Data           1  freertos.o(.data)
    button_left                              0x200002ed   Data           1  freertos.o(.data)
    button_right                             0x200002ee   Data           1  freertos.o(.data)
    button_up                                0x200002ef   Data           1  freertos.o(.data)
    button_down                              0x200002f0   Data           1  freertos.o(.data)
    button_center                            0x200002f1   Data           1  freertos.o(.data)
    button_left_pressed_in                   0x200002f2   Data           1  freertos.o(.data)
    button_right_pressed_in                  0x200002f3   Data           1  freertos.o(.data)
    button_up_pressed_in                     0x200002f4   Data           1  freertos.o(.data)
    button_down_pressed_in                   0x200002f5   Data           1  freertos.o(.data)
    button_center_pressed_in_short           0x200002f6   Data           1  freertos.o(.data)
    button_center_pressed_in_long            0x200002f7   Data           1  freertos.o(.data)
    cpu_load                                 0x20000410   Data           4  task_manager.o(.data)
    cpu_float                                0x20000414   Data           4  task_manager.o(.data)
    Font_7x10                                0x20000420   Data           8  fonts.o(.data)
    Font_11x18                               0x20000428   Data           8  fonts.o(.data)
    Font_16x26                               0x20000430   Data           8  fonts.o(.data)
    font_8x15_RU                             0x20000438   Data           8  fonts.o(.data)
    font_8x14                                0x20000440   Data           8  fonts.o(.data)
    font_5x10_RU                             0x20000448   Data           8  fonts.o(.data)
    font_5x10                                0x20000450   Data           8  fonts.o(.data)
    size_buffer                              0x20000458   Data           2  ssd1306.o(.data)
    SystemCoreClock                          0x20000460   Data           4  system_stm32l4xx.o(.data)
    uwTick                                   0x20000464   Data           4  stm32l4xx_hal.o(.data)
    htim1                                    0x20004ba8   Data          60  stm32l4xx_hal_timebase_tim.o(.bss)
    settings                                 0x20004be4   Data         220  freertos.o(.bss)
    raw_adc_value                            0x20004cc0   Data       12800  freertos.o(.bss)
    float_adc_value_ICP                      0x20007ec0   Data       12800  freertos.o(.bss)
    float_adc_value_4_20                     0x2000b0c0   Data       12800  freertos.o(.bss)
    Q_A_rms_array_icp                        0x2000e2c0   Data          32  freertos.o(.bss)
    Q_V_rms_array_icp                        0x2000e2e0   Data          32  freertos.o(.bss)
    Q_D_rms_array_icp                        0x2000e300   Data          32  freertos.o(.bss)
    Q_A_mean_array_4_20                      0x2000e320   Data          32  freertos.o(.bss)
    Q_V_rms_array_4_20                       0x2000e340   Data          32  freertos.o(.bss)
    Q_D_rms_array_4_20                       0x2000e360   Data          32  freertos.o(.bss)
    filter_main_high_icp                     0x2000e380   Data          12  freertos.o(.bss)
    pStates_main_high_icp                    0x2000e38c   Data          32  freertos.o(.bss)
    filter_main_high_4_20                    0x2000e3ac   Data          12  freertos.o(.bss)
    pStates_main_high_4_20                   0x2000e3b8   Data          32  freertos.o(.bss)
    filter_main_low_icp                      0x2000e3d8   Data          12  freertos.o(.bss)
    pStates_main_low_icp                     0x2000e3e4   Data          32  freertos.o(.bss)
    filter_main_low_4_20                     0x2000e404   Data          12  freertos.o(.bss)
    pStates_main_low_4_20                    0x2000e410   Data          32  freertos.o(.bss)
    filter_instance_highpass_1_icp           0x2000e430   Data          12  freertos.o(.bss)
    pStates_highpass_1_icp                   0x2000e43c   Data          32  freertos.o(.bss)
    filter_instance_highpass_1_4_20          0x2000e45c   Data          12  freertos.o(.bss)
    pStates_highpass_1_4_20                  0x2000e468   Data          32  freertos.o(.bss)
    filter_instance_highpass_2_icp           0x2000e488   Data          12  freertos.o(.bss)
    pStates_highpass_2_icp                   0x2000e494   Data          32  freertos.o(.bss)
    filter_instance_highpass_2_4_20          0x2000e4b4   Data          12  freertos.o(.bss)
    pStates_highpass_2_4_20                  0x2000e4c0   Data          32  freertos.o(.bss)
    filter_instance_highpass_3_icp           0x2000e4e0   Data          12  freertos.o(.bss)
    pStates_highpass_3_icp                   0x2000e4ec   Data          32  freertos.o(.bss)
    filter_instance_highpass_4_icp           0x2000e50c   Data          12  freertos.o(.bss)
    pStates_highpass_4_icp                   0x2000e518   Data          32  freertos.o(.bss)
    transmitBuffer                           0x2000e538   Data         255  freertos.o(.bss)
    receiveBuffer                            0x2000e637   Data          16  freertos.o(.bss)
    master_receiveBuffer                     0x2000e647   Data         255  freertos.o(.bss)
    hspi2                                    0x2000e748   Data         100  spi.o(.bss)
    huart1                                   0x2000e7ac   Data         112  usart.o(.bss)
    huart2                                   0x2000e81c   Data         112  usart.o(.bss)
    huart3                                   0x2000e88c   Data         112  usart.o(.bss)
    hdma_usart2_rx                           0x2000e8fc   Data          72  usart.o(.bss)
    hdma_usart2_tx                           0x2000e944   Data          72  usart.o(.bss)
    hdma_usart3_rx                           0x2000e98c   Data          72  usart.o(.bss)
    hdma_usart3_tx                           0x2000e9d4   Data          72  usart.o(.bss)
    htim2                                    0x2000ea1c   Data          60  tim.o(.bss)
    htim6                                    0x2000ea58   Data          60  tim.o(.bss)
    htim7                                    0x2000ea94   Data          60  tim.o(.bss)
    hadc1                                    0x2000ead0   Data         104  adc.o(.bss)
    hdma_adc1                                0x2000eb38   Data          72  adc.o(.bss)
    hdac1                                    0x2000eb80   Data          20  dac.o(.bss)
    pFlash                                   0x2000ed14   Data          32  stm32l4xx_hal_flash.o(.bss)
    __initial_sp                             0x2000f138   Data           0  startup_stm32l433xx.o(STACK)



==============================================================================

Memory Map of the image

  Image Entry point : 0x0800018d

  Load Region LR_IROM1 (Base: 0x08000000, Size: 0x0000fb28, Max: 0x00040000, ABSOLUTE, COMPRESSED[0x0000f824])

    Execution Region ER_IROM1 (Base: 0x08000000, Size: 0x0000f6c0, Max: 0x00040000, ABSOLUTE)

    Base Addr    Size         Type   Attr      Idx    E Section Name        Object

    0x08000000   0x0000018c   Data   RO         2542    RESET               startup_stm32l433xx.o
    0x0800018c   0x00000000   Code   RO         6654  * .ARM.Collect$$$$00000000  mc_w.l(entry.o)
    0x0800018c   0x00000004   Code   RO         6936    .ARM.Collect$$$$00000001  mc_w.l(entry2.o)
    0x08000190   0x00000004   Code   RO         6939    .ARM.Collect$$$$00000004  mc_w.l(entry5.o)
    0x08000194   0x00000000   Code   RO         6941    .ARM.Collect$$$$00000008  mc_w.l(entry7b.o)
    0x08000194   0x00000000   Code   RO         6943    .ARM.Collect$$$$0000000A  mc_w.l(entry8b.o)
    0x08000194   0x00000008   Code   RO         6944    .ARM.Collect$$$$0000000B  mc_w.l(entry9a.o)
    0x0800019c   0x00000000   Code   RO         6946    .ARM.Collect$$$$0000000D  mc_w.l(entry10a.o)
    0x0800019c   0x00000000   Code   RO         6948    .ARM.Collect$$$$0000000F  mc_w.l(entry11a.o)
    0x0800019c   0x00000004   Code   RO         6937    .ARM.Collect$$$$00002712  mc_w.l(entry2.o)
    0x080001a0   0x000000ba   Code   RO            4    .emb_text           port.o
    0x0800025a   0x00000002   PAD
    0x0800025c   0x00000024   Code   RO         2543    .text               startup_stm32l433xx.o
    0x08000280   0x00000062   Code   RO         6657    .text               mc_w.l(uldiv.o)
    0x080002e2   0x00000024   Code   RO         6659    .text               mc_w.l(memcpya.o)
    0x08000306   0x00000024   Code   RO         6661    .text               mc_w.l(memseta.o)
    0x0800032a   0x000000e4   Code   RO         6926    .text               mf_w.l(dmul.o)
    0x0800040e   0x000000de   Code   RO         6928    .text               mf_w.l(ddiv.o)
    0x080004ec   0x00000032   Code   RO         6930    .text               mf_w.l(dfixui.o)
    0x0800051e   0x00000026   Code   RO         6932    .text               mf_w.l(f2d.o)
    0x08000544   0x00000038   Code   RO         6934    .text               mf_w.l(d2f.o)
    0x0800057c   0x0000002c   Code   RO         6953    .text               mc_w.l(uidiv.o)
    0x080005a8   0x0000001e   Code   RO         6955    .text               mc_w.l(llshl.o)
    0x080005c6   0x00000020   Code   RO         6957    .text               mc_w.l(llushr.o)
    0x080005e6   0x00000000   Code   RO         6959    .text               mc_w.l(iusefp.o)
    0x080005e6   0x0000006e   Code   RO         6960    .text               mf_w.l(fepilogue.o)
    0x08000654   0x000000ba   Code   RO         6962    .text               mf_w.l(depilogue.o)
    0x0800070e   0x0000014e   Code   RO         6964    .text               mf_w.l(dadd.o)
    0x0800085c   0x00000030   Code   RO         6966    .text               mf_w.l(dfixul.o)
    0x0800088c   0x00000030   Code   RO         6968    .text               mf_w.l(cdrcmple.o)
    0x080008bc   0x00000024   Code   RO         6970    .text               mc_w.l(init.o)
    0x080008e0   0x00000024   Code   RO         6973    .text               mc_w.l(llsshr.o)
    0x08000904   0x00000056   Code   RO         6984    .text               mc_w.l(__dczerorl2.o)
    0x0800095a   0x00000002   PAD
    0x0800095c   0x0000010c   Code   RO         3498    i.ADC_ConversionStop  stm32l4xx_hal_adc.o
    0x08000a68   0x0000008e   Code   RO         3499    i.ADC_DMAConvCplt   stm32l4xx_hal_adc.o
    0x08000af6   0x0000001e   Code   RO         3500    i.ADC_DMAError      stm32l4xx_hal_adc.o
    0x08000b14   0x0000000e   Code   RO         3501    i.ADC_DMAHalfConvCplt  stm32l4xx_hal_adc.o
    0x08000b22   0x00000098   Code   RO         3502    i.ADC_Disable       stm32l4xx_hal_adc.o
    0x08000bba   0x00000002   PAD
    0x08000bbc   0x000000a0   Code   RO         3503    i.ADC_Enable        stm32l4xx_hal_adc.o
    0x08000c5c   0x00000070   Code   RO         1667    i.ADC_supply_voltage  freertos.o
    0x08000ccc   0x000001c4   Code   RO         1668    i.Acceleration_Task  freertos.o
    0x08000e90   0x00000004   Code   RO         1490    i.BusFault_Handler  stm32l4xx_it.o
    0x08000e94   0x00000128   Code   RO         1669    i.Button_Task       freertos.o
    0x08000fbc   0x00000094   Code   RO         1670    i.DAC_Task          freertos.o
    0x08001050   0x0000004c   Code   RO         1491    i.DMA1_Channel1_IRQHandler  stm32l4xx_it.o
    0x0800109c   0x00000010   Code   RO         1492    i.DMA1_Channel2_IRQHandler  stm32l4xx_it.o
    0x080010ac   0x00000010   Code   RO         1493    i.DMA1_Channel3_IRQHandler  stm32l4xx_it.o
    0x080010bc   0x00000010   Code   RO         1494    i.DMA1_Channel6_IRQHandler  stm32l4xx_it.o
    0x080010cc   0x00000010   Code   RO         1495    i.DMA1_Channel7_IRQHandler  stm32l4xx_it.o
    0x080010dc   0x0000002c   Code   RO         5489    i.DMA_SetConfig     stm32l4xx_hal_dma.o
    0x08001108   0x00000184   Code   RO         1671    i.Data_Storage_Task  freertos.o
    0x0800128c   0x00000002   Code   RO         1496    i.DebugMon_Handler  stm32l4xx_it.o
    0x0800128e   0x00000002   PAD
    0x08001290   0x000000b0   Code   RO         1672    i.Displacement_Task  freertos.o
    0x08001340   0x00000384   Code   RO         1673    i.Display_Task      freertos.o
    0x080016c4   0x00000078   Code   RO         4916    i.FLASH_FlushCaches  stm32l4xx_hal_flash_ex.o
    0x0800173c   0x00000024   Code   RO         4917    i.FLASH_MassErase   stm32l4xx_hal_flash_ex.o
    0x08001760   0x00000038   Code   RO         4926    i.FLASH_PageErase   stm32l4xx_hal_flash_ex.o
    0x08001798   0x00000018   Code   RO         5016    i.FLASH_Program_DoubleWord  stm32l4xx_hal_flash.o
    0x080017b0   0x0000002c   Code   RO         5017    i.FLASH_Program_Fast  stm32l4xx_hal_flash.o
    0x080017dc   0x00000134   Code   RO         5018    i.FLASH_SetErrorCode  stm32l4xx_hal_flash.o
    0x08001910   0x000000c4   Code   RO         5019    i.FLASH_WaitForLastOperation  stm32l4xx_hal_flash.o
    0x080019d4   0x000001a0   Code   RO         1674    i.FilterInit        freertos.o
    0x08001b74   0x00000016   Code   RO         1962    i.GetRunIdle        task_manager.o
    0x08001b8a   0x00000028   Code   RO         3956    i.HAL_ADCEx_DisableInjectedQueue  stm32l4xx_hal_adc_ex.o
    0x08001bb2   0x00000002   PAD
    0x08001bb4   0x000006cc   Code   RO         3961    i.HAL_ADCEx_InjectedConfigChannel  stm32l4xx_hal_adc_ex.o
    0x08002280   0x0000003a   Code   RO         3963    i.HAL_ADCEx_InjectedGetValue  stm32l4xx_hal_adc_ex.o
    0x080022ba   0x00000002   PAD
    0x080022bc   0x000000e4   Code   RO         3964    i.HAL_ADCEx_InjectedPollForConversion  stm32l4xx_hal_adc_ex.o
    0x080023a0   0x000000ba   Code   RO         3966    i.HAL_ADCEx_InjectedStart  stm32l4xx_hal_adc_ex.o
    0x0800245a   0x00000060   Code   RO         3968    i.HAL_ADCEx_InjectedStop  stm32l4xx_hal_adc_ex.o
    0x080024ba   0x00000002   PAD
    0x080024bc   0x000004e4   Code   RO         3505    i.HAL_ADC_ConfigChannel  stm32l4xx_hal_adc.o
    0x080029a0   0x00000002   Code   RO         3506    i.HAL_ADC_ConvCpltCallback  stm32l4xx_hal_adc.o
    0x080029a2   0x00000002   Code   RO         3507    i.HAL_ADC_ConvHalfCpltCallback  stm32l4xx_hal_adc.o
    0x080029a4   0x00000002   Code   RO         3509    i.HAL_ADC_ErrorCallback  stm32l4xx_hal_adc.o
    0x080029a6   0x00000002   PAD
    0x080029a8   0x00000230   Code   RO         3514    i.HAL_ADC_Init      stm32l4xx_hal_adc.o
    0x08002bd8   0x000000bc   Code   RO         2209    i.HAL_ADC_MspInit   adc.o
    0x08002c94   0x000000e0   Code   RO         3521    i.HAL_ADC_Start_DMA  stm32l4xx_hal_adc.o
    0x08002d74   0x00000002   Code   RO         4108    i.HAL_DACEx_DMAUnderrunCallbackCh2  stm32l4xx_hal_dac_ex.o
    0x08002d76   0x00000160   Code   RO         3687    i.HAL_DAC_ConfigChannel  stm32l4xx_hal_dac.o
    0x08002ed6   0x00000002   Code   RO         3690    i.HAL_DAC_DMAUnderrunCallbackCh1  stm32l4xx_hal_dac.o
    0x08002ed8   0x0000008a   Code   RO         3696    i.HAL_DAC_IRQHandler  stm32l4xx_hal_dac.o
    0x08002f62   0x00000028   Code   RO         3697    i.HAL_DAC_Init      stm32l4xx_hal_dac.o
    0x08002f8a   0x00000002   PAD
    0x08002f8c   0x0000005c   Code   RO         2251    i.HAL_DAC_MspInit   dac.o
    0x08002fe8   0x0000002c   Code   RO         3700    i.HAL_DAC_SetValue  stm32l4xx_hal_dac.o
    0x08003014   0x0000006c   Code   RO         3701    i.HAL_DAC_Start     stm32l4xx_hal_dac.o
    0x08003080   0x0000004a   Code   RO         5490    i.HAL_DMA_Abort     stm32l4xx_hal_dma.o
    0x080030ca   0x00000058   Code   RO         5491    i.HAL_DMA_Abort_IT  stm32l4xx_hal_dma.o
    0x08003122   0x000000e6   Code   RO         5495    i.HAL_DMA_IRQHandler  stm32l4xx_hal_dma.o
    0x08003208   0x00000110   Code   RO         5496    i.HAL_DMA_Init      stm32l4xx_hal_dma.o
    0x08003318   0x0000009c   Code   RO         5500    i.HAL_DMA_Start_IT  stm32l4xx_hal_dma.o
    0x080033b4   0x00000020   Code   RO         2987    i.HAL_Delay         stm32l4xx_hal.o
    0x080033d4   0x00000110   Code   RO         4927    i.HAL_FLASHEx_Erase  stm32l4xx_hal_flash_ex.o
    0x080034e4   0x00000014   Code   RO         5023    i.HAL_FLASH_Lock    stm32l4xx_hal_flash.o
    0x080034f8   0x000000c8   Code   RO         5028    i.HAL_FLASH_Program  stm32l4xx_hal_flash.o
    0x080035c0   0x0000002c   Code   RO         5030    i.HAL_FLASH_Unlock  stm32l4xx_hal_flash.o
    0x080035ec   0x000001cc   Code   RO         2590    i.HAL_GPIO_Init     stm32l4xx_hal_gpio.o
    0x080037b8   0x00000010   Code   RO         2592    i.HAL_GPIO_ReadPin  stm32l4xx_hal_gpio.o
    0x080037c8   0x00000008   Code   RO         2593    i.HAL_GPIO_TogglePin  stm32l4xx_hal_gpio.o
    0x080037d0   0x0000000a   Code   RO         2594    i.HAL_GPIO_WritePin  stm32l4xx_hal_gpio.o
    0x080037da   0x00000002   PAD
    0x080037dc   0x0000000c   Code   RO         2991    i.HAL_GetTick       stm32l4xx_hal.o
    0x080037e8   0x00000010   Code   RO         2995    i.HAL_IncTick       stm32l4xx_hal.o
    0x080037f8   0x00000016   Code   RO         2996    i.HAL_Init          stm32l4xx_hal.o
    0x0800380e   0x00000002   PAD
    0x08003810   0x00000088   Code   RO         1627    i.HAL_InitTick      stm32l4xx_hal_timebase_tim.o
    0x08003898   0x00000090   Code   RO         1863    i.HAL_MspInit       stm32l4xx_hal_msp.o
    0x08003928   0x0000001a   Code   RO         3828    i.HAL_NVIC_EnableIRQ  stm32l4xx_hal_cortex.o
    0x08003942   0x0000007c   Code   RO         3834    i.HAL_NVIC_SetPriority  stm32l4xx_hal_cortex.o
    0x080039be   0x00000002   PAD
    0x080039c0   0x00000028   Code   RO         3835    i.HAL_NVIC_SetPriorityGrouping  stm32l4xx_hal_cortex.o
    0x080039e8   0x0000008c   Code   RO         5585    i.HAL_PWREx_ControlVoltageScaling  stm32l4xx_hal_pwr_ex.o
    0x08003a74   0x00000010   Code   RO         5612    i.HAL_PWREx_GetVoltageRange  stm32l4xx_hal_pwr_ex.o
    0x08003a84   0x000003d4   Code   RO         3347    i.HAL_RCCEx_PeriphCLKConfig  stm32l4xx_hal_rcc_ex.o
    0x08003e58   0x000001dc   Code   RO         3225    i.HAL_RCC_ClockConfig  stm32l4xx_hal_rcc.o
    0x08004034   0x00000044   Code   RO         3228    i.HAL_RCC_GetClockConfig  stm32l4xx_hal_rcc.o
    0x08004078   0x0000000c   Code   RO         3229    i.HAL_RCC_GetHCLKFreq  stm32l4xx_hal_rcc.o
    0x08004084   0x00000020   Code   RO         3231    i.HAL_RCC_GetPCLK1Freq  stm32l4xx_hal_rcc.o
    0x080040a4   0x00000020   Code   RO         3232    i.HAL_RCC_GetPCLK2Freq  stm32l4xx_hal_rcc.o
    0x080040c4   0x0000010c   Code   RO         3233    i.HAL_RCC_GetSysClockFreq  stm32l4xx_hal_rcc.o
    0x080041d0   0x0000005c   Code   RO         3234    i.HAL_RCC_MCOConfig  stm32l4xx_hal_rcc.o
    0x0800422c   0x00000694   Code   RO         3236    i.HAL_RCC_OscConfig  stm32l4xx_hal_rcc.o
    0x080048c0   0x0000009c   Code   RO         4858    i.HAL_RS485Ex_Init  stm32l4xx_hal_uart_ex.o
    0x0800495c   0x000000c0   Code   RO         2664    i.HAL_SPI_Init      stm32l4xx_hal_spi.o
    0x08004a1c   0x00000058   Code   RO         2011    i.HAL_SPI_MspInit   spi.o
    0x08004a74   0x000001b8   Code   RO         2672    i.HAL_SPI_Transmit  stm32l4xx_hal_spi.o
    0x08004c2c   0x00000028   Code   RO         3837    i.HAL_SYSTICK_CLKSourceConfig  stm32l4xx_hal_cortex.o
    0x08004c54   0x00000034   Code   RO         3839    i.HAL_SYSTICK_Config  stm32l4xx_hal_cortex.o
    0x08004c88   0x00000002   Code   RO         5238    i.HAL_TIMEx_BreakCallback  stm32l4xx_hal_tim_ex.o
    0x08004c8a   0x00000002   Code   RO         5239    i.HAL_TIMEx_CommutationCallback  stm32l4xx_hal_tim_ex.o
    0x08004c8c   0x00000060   Code   RO         5257    i.HAL_TIMEx_MasterConfigSynchronization  stm32l4xx_hal_tim_ex.o
    0x08004cec   0x00000034   Code   RO         4207    i.HAL_TIM_Base_Init  stm32l4xx_hal_tim.o
    0x08004d20   0x000000a0   Code   RO         2155    i.HAL_TIM_Base_MspInit  tim.o
    0x08004dc0   0x0000001e   Code   RO         4210    i.HAL_TIM_Base_Start  stm32l4xx_hal_tim.o
    0x08004dde   0x0000001e   Code   RO         4212    i.HAL_TIM_Base_Start_IT  stm32l4xx_hal_tim.o
    0x08004dfc   0x00000138   Code   RO         4216    i.HAL_TIM_ConfigClockSource  stm32l4xx_hal_tim.o
    0x08004f34   0x00000002   Code   RO         4236    i.HAL_TIM_IC_CaptureCallback  stm32l4xx_hal_tim.o
    0x08004f36   0x00000196   Code   RO         4249    i.HAL_TIM_IRQHandler  stm32l4xx_hal_tim.o
    0x080050cc   0x00000002   Code   RO         4252    i.HAL_TIM_OC_DelayElapsedCallback  stm32l4xx_hal_tim.o
    0x080050ce   0x00000002   Code   RO         4279    i.HAL_TIM_PWM_PulseFinishedCallback  stm32l4xx_hal_tim.o
    0x080050d0   0x000000a4   Code   RO         1280    i.HAL_TIM_PeriodElapsedCallback  main.o
    0x08005174   0x00000002   Code   RO         4290    i.HAL_TIM_TriggerCallback  stm32l4xx_hal_tim.o
    0x08005176   0x00000002   Code   RO         4862    i.HAL_UARTEx_WakeupCallback  stm32l4xx_hal_uart_ex.o
    0x08005178   0x00000068   Code   RO         5820    i.HAL_UART_DMAStop  stm32l4xx_hal_uart.o
    0x080051e0   0x00000002   Code   RO         5822    i.HAL_UART_ErrorCallback  stm32l4xx_hal_uart.o
    0x080051e2   0x00000002   PAD
    0x080051e4   0x00000190   Code   RO         5825    i.HAL_UART_IRQHandler  stm32l4xx_hal_uart.o
    0x08005374   0x00000284   Code   RO         2053    i.HAL_UART_MspInit  usart.o
    0x080055f8   0x000000a8   Code   RO         5830    i.HAL_UART_Receive_DMA  stm32l4xx_hal_uart.o
    0x080056a0   0x00000002   Code   RO         1497    i.HAL_UART_RxCpltCallback  stm32l4xx_it.o
    0x080056a2   0x00000002   Code   RO         5833    i.HAL_UART_RxHalfCpltCallback  stm32l4xx_hal_uart.o
    0x080056a4   0x0000009c   Code   RO         5835    i.HAL_UART_Transmit_DMA  stm32l4xx_hal_uart.o
    0x08005740   0x00000002   Code   RO         5837    i.HAL_UART_TxCpltCallback  stm32l4xx_hal_uart.o
    0x08005742   0x00000002   Code   RO         5838    i.HAL_UART_TxHalfCpltCallback  stm32l4xx_hal_uart.o
    0x08005744   0x00000004   Code   RO         1498    i.HardFault_Handler  stm32l4xx_it.o
    0x08005748   0x0000004c   Code   RO         1675    i.Integrate         freertos.o
    0x08005794   0x00000098   Code   RO         1676    i.Lights_Task       freertos.o
    0x0800582c   0x000000f0   Code   RO         2210    i.MX_ADC1_Init      adc.o
    0x0800591c   0x00000058   Code   RO         2252    i.MX_DAC1_Init      dac.o
    0x08005974   0x00000074   Code   RO         2130    i.MX_DMA_Init       dma.o
    0x080059e8   0x0000043c   Code   RO         1677    i.MX_FREERTOS_Init  freertos.o
    0x08005e24   0x00000128   Code   RO         2106    i.MX_GPIO_Init      gpio.o
    0x08005f4c   0x00000064   Code   RO         2012    i.MX_SPI2_Init      spi.o
    0x08005fb0   0x00000078   Code   RO         2156    i.MX_TIM2_Init      tim.o
    0x08006028   0x0000005c   Code   RO         2157    i.MX_TIM6_Init      tim.o
    0x08006084   0x0000005c   Code   RO         2158    i.MX_TIM7_Init      tim.o
    0x080060e0   0x0000005c   Code   RO         2054    i.MX_USART1_UART_Init  usart.o
    0x0800613c   0x00000060   Code   RO         2055    i.MX_USART2_UART_Init  usart.o
    0x0800619c   0x00000060   Code   RO         2056    i.MX_USART3_UART_Init  usart.o
    0x080061fc   0x00000108   Code   RO         1678    i.Master_Modbus_Receive  freertos.o
    0x08006304   0x00000064   Code   RO         1679    i.Master_Modbus_Transmit  freertos.o
    0x08006368   0x00000004   Code   RO         1499    i.MemManage_Handler  stm32l4xx_it.o
    0x0800636c   0x00000058   Code   RO         1680    i.Modbus_Receive_Task  freertos.o
    0x080063c4   0x000001fc   Code   RO         1681    i.Modbus_Transmit_Task  freertos.o
    0x080065c0   0x00000002   Code   RO         1500    i.NMI_Handler       stm32l4xx_it.o
    0x080065c2   0x00000002   PAD
    0x080065c4   0x00000010   Code   RO         3841    i.NVIC_GetPriorityGrouping  stm32l4xx_hal_cortex.o
    0x080065d4   0x00000028   Code   RO         3842    i.NVIC_SetPriority  stm32l4xx_hal_cortex.o
    0x080065fc   0x00000040   Code   RO         1682    i.NVIC_SystemReset  freertos.o
    0x0800663c   0x00000144   Code   RO         1683    i.Q_Average_A       freertos.o
    0x08006780   0x00000094   Code   RO         1684    i.Q_Average_D       freertos.o
    0x08006814   0x00000094   Code   RO         1685    i.Q_Average_V       freertos.o
    0x080068a8   0x0000018c   Code   RO         3350    i.RCCEx_PLLSAI1_Config  stm32l4xx_hal_rcc_ex.o
    0x08006a34   0x000000a0   Code   RO         3237    i.RCC_SetFlashLatencyFromMSIRange  stm32l4xx_hal_rcc.o
    0x08006ad4   0x00000064   Code   RO         2702    i.SPI_EndRxTxTransaction  stm32l4xx_hal_spi.o
    0x08006b38   0x000000b0   Code   RO         2707    i.SPI_WaitFifoStateUntilTimeout  stm32l4xx_hal_spi.o
    0x08006be8   0x000000a8   Code   RO         2708    i.SPI_WaitFlagStateUntilTimeout  stm32l4xx_hal_spi.o
    0x08006c90   0x00000014   Code   RO         1686    i.StartDefaultTask  freertos.o
    0x08006ca4   0x00000008   Code   RO         1501    i.SysTick_Handler   stm32l4xx_it.o
    0x08006cac   0x00000100   Code   RO         1281    i.SystemClock_Config  main.o
    0x08006dac   0x00000050   Code   RO         2551    i.SystemInit        system_stm32l4xx.o
    0x08006dfc   0x00000010   Code   RO         1502    i.TIM1_UP_TIM16_IRQHandler  stm32l4xx_it.o
    0x08006e0c   0x00000018   Code   RO         1503    i.TIM6_DAC_IRQHandler  stm32l4xx_it.o
    0x08006e24   0x00000010   Code   RO         1504    i.TIM7_IRQHandler   stm32l4xx_it.o
    0x08006e34   0x0000006c   Code   RO         4291    i.TIM_Base_SetConfig  stm32l4xx_hal_tim.o
    0x08006ea0   0x00000018   Code   RO         4298    i.TIM_ETR_SetConfig  stm32l4xx_hal_tim.o
    0x08006eb8   0x00000014   Code   RO         4299    i.TIM_ITRx_SetConfig  stm32l4xx_hal_tim.o
    0x08006ecc   0x0000002a   Code   RO         4307    i.TIM_TI1_ConfigInputStage  stm32l4xx_hal_tim.o
    0x08006ef6   0x0000002c   Code   RO         4309    i.TIM_TI2_ConfigInputStage  stm32l4xx_hal_tim.o
    0x08006f22   0x00000002   PAD
    0x08006f24   0x00000010   Code   RO         1963    i.Task_manager_Init  task_manager.o
    0x08006f34   0x00000080   Code   RO         1964    i.Task_manager_LoadCPU  task_manager.o
    0x08006fb4   0x00000428   Code   RO         1687    i.TiggerLogic_Task  freertos.o
    0x080073dc   0x000000f8   Code   RO         5839    i.UART_AdvFeatureConfig  stm32l4xx_hal_uart.o
    0x080074d4   0x00000074   Code   RO         5840    i.UART_CheckIdleState  stm32l4xx_hal_uart.o
    0x08007548   0x00000018   Code   RO         5841    i.UART_DMAAbortOnError  stm32l4xx_hal_uart.o
    0x08007560   0x00000056   Code   RO         5842    i.UART_DMAError     stm32l4xx_hal_uart.o
    0x080075b6   0x00000048   Code   RO         5843    i.UART_DMAReceiveCplt  stm32l4xx_hal_uart.o
    0x080075fe   0x0000000e   Code   RO         5845    i.UART_DMARxHalfCplt  stm32l4xx_hal_uart.o
    0x0800760c   0x00000038   Code   RO         5847    i.UART_DMATransmitCplt  stm32l4xx_hal_uart.o
    0x08007644   0x0000000e   Code   RO         5849    i.UART_DMATxHalfCplt  stm32l4xx_hal_uart.o
    0x08007652   0x00000020   Code   RO         5851    i.UART_EndRxTransfer  stm32l4xx_hal_uart.o
    0x08007672   0x00000020   Code   RO         5852    i.UART_EndTransmit_IT  stm32l4xx_hal_uart.o
    0x08007692   0x00000014   Code   RO         5853    i.UART_EndTxTransfer  stm32l4xx_hal_uart.o
    0x080076a6   0x0000008a   Code   RO         5854    i.UART_Receive_IT   stm32l4xx_hal_uart.o
    0x08007730   0x00000408   Code   RO         5855    i.UART_SetConfig    stm32l4xx_hal_uart.o
    0x08007b38   0x0000006a   Code   RO         5856    i.UART_Transmit_IT  stm32l4xx_hal_uart.o
    0x08007ba2   0x0000006c   Code   RO         5857    i.UART_WaitOnFlagUntilTimeout  stm32l4xx_hal_uart.o
    0x08007c0e   0x00000002   PAD
    0x08007c10   0x00000010   Code   RO         1505    i.USART1_IRQHandler  stm32l4xx_it.o
    0x08007c20   0x00000070   Code   RO         1506    i.USART2_IRQHandler  stm32l4xx_it.o
    0x08007c90   0x00000074   Code   RO         1507    i.USART3_IRQHandler  stm32l4xx_it.o
    0x08007d04   0x00000004   Code   RO         1508    i.UsageFault_Handler  stm32l4xx_it.o
    0x08007d08   0x000000c4   Code   RO         1688    i.Velocity_Task     freertos.o
    0x08007dcc   0x00000004   Code   RO         1282    i._Error_Handler    main.o
    0x08007dd0   0x00000028   Code   RO         6899    i.__0snprintf       mc_w.l(printfa.o)
    0x08007df8   0x0000000e   Code   RO         6978    i.__scatterload_copy  mc_w.l(handlers.o)
    0x08007e06   0x00000002   Code   RO         6979    i.__scatterload_null  mc_w.l(handlers.o)
    0x08007e08   0x0000000e   Code   RO         6980    i.__scatterload_zeroinit  mc_w.l(handlers.o)
    0x08007e16   0x00000002   PAD
    0x08007e18   0x00000164   Code   RO         6905    i._fp_digits        mc_w.l(printfa.o)
    0x08007f7c   0x000006dc   Code   RO         6906    i._printf_core      mc_w.l(printfa.o)
    0x08008658   0x00000024   Code   RO         6907    i._printf_post_padding  mc_w.l(printfa.o)
    0x0800867c   0x0000002e   Code   RO         6908    i._printf_pre_padding  mc_w.l(printfa.o)
    0x080086aa   0x00000016   Code   RO         6909    i._snputc           mc_w.l(printfa.o)
    0x080086c0   0x00000154   Code   RO         1887    i.arm_biquad_cascade_df1_f32  arm_biquad_cascade_df1_f32.o
    0x08008814   0x0000001e   Code   RO         1911    i.arm_biquad_cascade_df1_init_f32  arm_biquad_cascade_df1_init_f32.o
    0x08008832   0x000000ae   Code   RO         2292    i.arm_max_f32       arm_max_f32.o
    0x080088e0   0x00000074   Code   RO         2492    i.arm_mean_f32      arm_mean_f32.o
    0x08008954   0x000000ae   Code   RO         2316    i.arm_min_f32       arm_min_f32.o
    0x08008a02   0x00000002   PAD
    0x08008a04   0x000000b8   Code   RO         1935    i.arm_rms_f32       arm_rms_f32.o
    0x08008abc   0x00000002   Code   RO         1689    i.configureTimerForRunTimeStats  freertos.o
    0x08008abe   0x00000016   Code   RO         1284    i.convert_float_and_swap  main.o
    0x08008ad4   0x00000024   Code   RO         1285    i.convert_hex_to_float  main.o
    0x08008af8   0x0000002c   Code   RO         2340    i.crc16             flash_manager.o
    0x08008b24   0x0000000c   Code   RO         1965    i.getRunTimeCounterValue  task_manager.o
    0x08008b30   0x000002d8   Code   RO         1286    i.main              main.o
    0x08008e08   0x0000000e   Code   RO          148    i.makeFreeRtosPriority  cmsis_os.o
    0x08008e16   0x00000018   Code   RO          150    i.osDelay           cmsis_os.o
    0x08008e2e   0x0000000a   Code   RO          153    i.osKernelStart     cmsis_os.o
    0x08008e38   0x00000010   Code   RO          186    i.osSystickHandler  cmsis_os.o
    0x08008e48   0x00000030   Code   RO          187    i.osThreadCreate    cmsis_os.o
    0x08008e78   0x00000098   Code   RO          929    i.prvAddCurrentTaskToDelayedList  tasks.o
    0x08008f10   0x000000b4   Code   RO          930    i.prvAddNewTaskToReadyList  tasks.o
    0x08008fc4   0x00000064   Code   RO          931    i.prvCheckTasksWaitingTermination  tasks.o
    0x08009028   0x0000002a   Code   RO          641    i.prvCopyDataFromQueue  queue.o
    0x08009052   0x0000007c   Code   RO          642    i.prvCopyDataToQueue  queue.o
    0x080090ce   0x00000012   Code   RO          932    i.prvDeleteTCB      tasks.o
    0x080090e0   0x0000007c   Code   RO          855    i.prvHeapInit       heap_4.o
    0x0800915c   0x0000002c   Code   RO          933    i.prvIdleTask       tasks.o
    0x08009188   0x00000026   Code   RO          644    i.prvInitialiseNewQueue  queue.o
    0x080091ae   0x000000ac   Code   RO          934    i.prvInitialiseNewTask  tasks.o
    0x0800925a   0x00000002   PAD
    0x0800925c   0x00000068   Code   RO          935    i.prvInitialiseTaskLists  tasks.o
    0x080092c4   0x00000068   Code   RO          856    i.prvInsertBlockIntoFreeList  heap_4.o
    0x0800932c   0x0000001a   Code   RO          645    i.prvIsQueueEmpty   queue.o
    0x08009346   0x0000001e   Code   RO          646    i.prvIsQueueFull    queue.o
    0x08009364   0x00000034   Code   RO          936    i.prvResetNextTaskUnblockTime  tasks.o
    0x08009398   0x00000040   Code   RO            5    i.prvTaskExitError  port.o
    0x080093d8   0x0000007e   Code   RO          647    i.prvUnlockQueue    queue.o
    0x08009456   0x00000002   PAD
    0x08009458   0x0000013c   Code   RO          857    i.pvPortMalloc      heap_4.o
    0x08009594   0x00000020   Code   RO          938    i.pvTaskIncrementMutexHeldCount  tasks.o
    0x080095b4   0x0000002c   Code   RO            6    i.pxPortInitialiseStack  port.o
    0x080095e0   0x00000006   Code   RO         2341    i.read_flash        flash_manager.o
    0x080095e6   0x00000002   PAD
    0x080095e8   0x00000058   Code   RO         2342    i.read_registers_from_flash  flash_manager.o
    0x08009640   0x000000a0   Code   RO         2419    i.ssd1306_DrawPixel  ssd1306.o
    0x080096e0   0x00000024   Code   RO         2420    i.ssd1306_Fill      ssd1306.o
    0x08009704   0x00000110   Code   RO         2421    i.ssd1306_Init      ssd1306.o
    0x08009814   0x0000000c   Code   RO         2422    i.ssd1306_SetCursor  ssd1306.o
    0x08009820   0x00000060   Code   RO         2423    i.ssd1306_UpdateScreen  ssd1306.o
    0x08009880   0x000000c8   Code   RO         2424    i.ssd1306_WriteChar  ssd1306.o
    0x08009948   0x0000004c   Code   RO         2425    i.ssd1306_WriteCommand  ssd1306.o
    0x08009994   0x0000002c   Code   RO         2426    i.ssd1306_WriteString  ssd1306.o
    0x080099c0   0x00000028   Code   RO         1232    i.uxListRemove      list.o
    0x080099e8   0x0000002a   Code   RO          648    i.uxQueueMessagesWaiting  queue.o
    0x08009a12   0x00000002   PAD
    0x08009a14   0x00000020   Code   RO         1287    i.vApplicationIdleHook  main.o
    0x08009a34   0x0000001a   Code   RO         1233    i.vListInitialise   list.o
    0x08009a4e   0x00000006   Code   RO         1234    i.vListInitialiseItem  list.o
    0x08009a54   0x00000034   Code   RO         1235    i.vListInsert       list.o
    0x08009a88   0x00000018   Code   RO         1236    i.vListInsertEnd    list.o
    0x08009aa0   0x00000054   Code   RO            8    i.vPortEnterCritical  port.o
    0x08009af4   0x0000003c   Code   RO            9    i.vPortExitCritical  port.o
    0x08009b30   0x00000094   Code   RO          858    i.vPortFree         heap_4.o
    0x08009bc4   0x00000020   Code   RO           10    i.vPortSetupTimerInterrupt  port.o
    0x08009be4   0x00000078   Code   RO           11    i.vPortValidateInterruptPriority  port.o
    0x08009c5c   0x0000005c   Code   RO          944    i.vTaskDelay        tasks.o
    0x08009cb8   0x0000000c   Code   RO          947    i.vTaskMissedYield  tasks.o
    0x08009cc4   0x00000038   Code   RO          949    i.vTaskPlaceOnEventList  tasks.o
    0x08009cfc   0x000000b0   Code   RO          951    i.vTaskPriorityInherit  tasks.o
    0x08009dac   0x00000030   Code   RO          954    i.vTaskSetTimeOutState  tasks.o
    0x08009ddc   0x0000008c   Code   RO          955    i.vTaskStartScheduler  tasks.o
    0x08009e68   0x00000010   Code   RO          957    i.vTaskSuspendAll   tasks.o
    0x08009e78   0x000000c8   Code   RO          958    i.vTaskSwitchContext  tasks.o
    0x08009f40   0x00000066   Code   RO         2343    i.write_flash       flash_manager.o
    0x08009fa6   0x00000002   PAD
    0x08009fa8   0x0000003c   Code   RO         2344    i.write_registers_to_flash  flash_manager.o
    0x08009fe4   0x0000000c   Code   RO          860    i.xPortGetFreeHeapSize  heap_4.o
    0x08009ff0   0x0000013c   Code   RO           12    i.xPortStartScheduler  port.o
    0x0800a12c   0x00000034   Code   RO           13    i.xPortSysTickHandler  port.o
    0x0800a160   0x00000058   Code   RO          655    i.xQueueGenericCreate  queue.o
    0x0800a1b8   0x000001c4   Code   RO          656    i.xQueueGenericReceive  queue.o
    0x0800a37c   0x00000098   Code   RO          657    i.xQueueGenericReset  queue.o
    0x0800a414   0x000001a8   Code   RO          658    i.xQueueGenericSend  queue.o
    0x0800a5bc   0x000000e0   Code   RO          660    i.xQueueGiveFromISR  queue.o
    0x0800a69c   0x0000008c   Code   RO          959    i.xTaskCheckForTimeOut  tasks.o
    0x0800a728   0x00000060   Code   RO          960    i.xTaskCreate       tasks.o
    0x0800a788   0x00000030   Code   RO          964    i.xTaskGetIdleTaskHandle  tasks.o
    0x0800a7b8   0x00000020   Code   RO          965    i.xTaskGetSchedulerState  tasks.o
    0x0800a7d8   0x00000148   Code   RO          968    i.xTaskIncrementTick  tasks.o
    0x0800a920   0x000000c8   Code   RO          971    i.xTaskPriorityDisinherit  tasks.o
    0x0800a9e8   0x00000098   Code   RO          972    i.xTaskRemoveFromEventList  tasks.o
    0x0800aa80   0x00000104   Code   RO          974    i.xTaskResumeAll    tasks.o
    0x0800ab84   0x00000168   Data   RO         1693    .constdata          freertos.o
    0x0800acec   0x00000200   Data   RO         2345    .constdata          flash_manager.o
    0x0800aeec   0x00002814   Data   RO         2393    .constdata          fonts.o
    0x0800d700   0x00001200   Data   RO         2522    .constdata          dejavu_8x14.o
    0x0800e900   0x00000c80   Data   RO         2531    .constdata          dejavu_5x10.o
    0x0800f580   0x00000048   Data   RO         2552    .constdata          system_stm32l4xx.o
    0x0800f5c8   0x000000d8   Data   RO         1694    .conststring        freertos.o
    0x0800f6a0   0x00000020   Data   RO         6976    Region$$Table       anon$$obj.o


    Execution Region RW_IRAM1 (Base: 0x20000000, Size: 0x0000f138, Max: 0x00010000, ABSOLUTE, COMPRESSED[0x00000164])

    Base Addr    Size         Type   Attr      Idx    E Section Name        Object

    0x20000000   0x0000000c   Data   RW           14    .data               port.o
    0x2000000c   0x00000018   Data   RW          863    .data               heap_4.o
    0x20000024   0x00000044   Data   RW          977    .data               tasks.o
    0x20000068   0x00000039   Data   RW         1288    .data               main.o
    0x200000a1   0x00000003   PAD
    0x200000a4   0x0000000c   Data   RW         1509    .data               stm32l4xx_it.o
    0x200000b0   0x00000360   Data   RW         1695    .data               freertos.o
    0x20000410   0x00000010   Data   RW         1966    .data               task_manager.o
    0x20000420   0x00000038   Data   RW         2394    .data               fonts.o
    0x20000458   0x00000008   Data   RW         2428    .data               ssd1306.o
    0x20000460   0x00000004   Data   RW         2553    .data               system_stm32l4xx.o
    0x20000464   0x00000004   Data   RW         3012    .data               stm32l4xx_hal.o
    0x20000468   0x00004650   Zero   RW          862    .bss                heap_4.o
    0x20004ab8   0x000000f0   Zero   RW          976    .bss                tasks.o
    0x20004ba8   0x0000003c   Zero   RW         1630    .bss                stm32l4xx_hal_timebase_tim.o
    0x20004be4   0x00009b62   Zero   RW         1692    .bss                freertos.o
    0x2000e746   0x00000002   PAD
    0x2000e748   0x00000064   Zero   RW         2013    .bss                spi.o
    0x2000e7ac   0x00000270   Zero   RW         2057    .bss                usart.o
    0x2000ea1c   0x000000b4   Zero   RW         2159    .bss                tim.o
    0x2000ead0   0x000000b0   Zero   RW         2211    .bss                adc.o
    0x2000eb80   0x00000014   Zero   RW         2253    .bss                dac.o
    0x2000eb94   0x00000180   Zero   RW         2427    .bss                ssd1306.o
    0x2000ed14   0x00000020   Zero   RW         5031    .bss                stm32l4xx_hal_flash.o
    0x2000ed34   0x00000004   PAD
    0x2000ed38   0x00000400   Zero   RW         2540    STACK               startup_stm32l433xx.o


==============================================================================

Image component sizes


      Code (inc. data)   RO Data    RW Data    ZI Data      Debug   Object Name

       428         64          0          0        176       1855   adc.o
       340          0          0          0          0       1661   arm_biquad_cascade_df1_f32.o
        30          0          0          0          0       1186   arm_biquad_cascade_df1_init_f32.o
       174          0          0          0          0       1322   arm_max_f32.o
       116          4          0          0          0        863   arm_mean_f32.o
       174          0          0          0          0       1322   arm_min_f32.o
       184          6          0          0          0      14286   arm_rms_f32.o
       112          0          0          0          0      19766   cmsis_os.o
         0          0          0          0          0       8024   croutine.o
       180         34          0          0         20       1589   dac.o
         0          0       3200          0          0        577   dejavu_5x10.o
         0          0       4608          0          0        577   dejavu_8x14.o
       116          4          0          0          0        754   dma.o
         0          0          0          0          0       9500   event_groups.o
       300         16        512          0          0       4262   flash_manager.o
         0          0      10260         56          0       1399   fonts.o
      7126       1094        576        864      39778      26078   freertos.o
       296         12          0          0          0        999   gpio.o
       704         68          0         24      18000       7834   heap_4.o
       148          0          0          0          0       3494   list.o
      1242        220          0         57          0     762452   main.o
       958         92          0         12          0      31869   port.o
      1768         16          0          0          0      13027   queue.o
       188         36          0          0        100       1569   spi.o
       896         56          0          8        384       5991   ssd1306.o
        36          8        396          0       1024        796   startup_stm32l433xx.o
        82         10          0          4          0       3480   stm32l4xx_hal.o
      2808         60          0          0          0      10504   stm32l4xx_hal_adc.o
      2348         30          0          0          0       6349   stm32l4xx_hal_adc_ex.o
       338         22          0          0          0      31405   stm32l4xx_hal_cortex.o
       684          0          0          0          0       4884   stm32l4xx_hal_dac.o
         2          0          0          0          0        971   stm32l4xx_hal_dac_ex.o
       864         10          0          0          0       4802   stm32l4xx_hal_dma.o
       836         50          0          0         32       5446   stm32l4xx_hal_flash.o
       484         24          0          0          0       3099   stm32l4xx_hal_flash_ex.o
       494         28          0          0          0       3592   stm32l4xx_hal_gpio.o
       144          4          0          0          0        874   stm32l4xx_hal_msp.o
       156         18          0          0          0       1330   stm32l4xx_hal_pwr_ex.o
      2824        110          0          0          0       8457   stm32l4xx_hal_rcc.o
      1376         26          0          0          0       2868   stm32l4xx_hal_rcc_ex.o
      1076          0          0          0          0       4934   stm32l4xx_hal_spi.o
      1076         18          0          0          0       9848   stm32l4xx_hal_tim.o
       100          6          0          0          0       2510   stm32l4xx_hal_tim_ex.o
       136         18          0          0         60       1456   stm32l4xx_hal_timebase_tim.o
      2934         68          0          0          0      16208   stm32l4xx_hal_uart.o
       158          4          0          0          0       1827   stm32l4xx_hal_uart_ex.o
       470        102          0         12          0      10630   stm32l4xx_it.o
        80         12         72          4          0       1197   system_stm32l4xx.o
       178         28          0         16          0       3474   task_manager.o
      2850        370          0         68        240      23016   tasks.o
       464         84          0          0        180       2776   tim.o
       928        136          0          0        624       3256   usart.o

    ----------------------------------------------------------------------
     39448       2968      19656       1128      60624    1092245   Object Totals
         0          0         32          0          0          0   (incl. Generated)
        42          0          0          3          6          0   (incl. Padding)

    ----------------------------------------------------------------------

      Code (inc. data)   RO Data    RW Data    ZI Data      Debug   Library Member Name

        86          0          0          0          0          0   __dczerorl2.o
         0          0          0          0          0          0   entry.o
         0          0          0          0          0          0   entry10a.o
         0          0          0          0          0          0   entry11a.o
         8          4          0          0          0          0   entry2.o
         4          0          0          0          0          0   entry5.o
         0          0          0          0          0          0   entry7b.o
         0          0          0          0          0          0   entry8b.o
         8          4          0          0          0          0   entry9a.o
        30          0          0          0          0          0   handlers.o
        36          8          0          0          0         68   init.o
         0          0          0          0          0          0   iusefp.o
        30          0          0          0          0         68   llshl.o
        36          0          0          0          0         68   llsshr.o
        32          0          0          0          0         68   llushr.o
        36          0          0          0          0         68   memcpya.o
        36          0          0          0          0        108   memseta.o
      2256         84          0          0          0        512   printfa.o
        44          0          0          0          0         80   uidiv.o
        98          0          0          0          0         92   uldiv.o
        48          0          0          0          0         68   cdrcmple.o
        56          0          0          0          0         88   d2f.o
       334          0          0          0          0        148   dadd.o
       222          0          0          0          0        100   ddiv.o
       186          0          0          0          0        176   depilogue.o
        50          0          0          0          0         76   dfixui.o
        48          0          0          0          0         68   dfixul.o
       228          0          0          0          0         96   dmul.o
        38          0          0          0          0         68   f2d.o
       110          0          0          0          0        168   fepilogue.o

    ----------------------------------------------------------------------
      4064        100          0          0          0       2188   Library Totals
         4          0          0          0          0          0   (incl. Padding)

    ----------------------------------------------------------------------

      Code (inc. data)   RO Data    RW Data    ZI Data      Debug   Library Name

      2740        100          0          0          0       1132   mc_w.l
      1320          0          0          0          0       1056   mf_w.l

    ----------------------------------------------------------------------
      4064        100          0          0          0       2188   Library Totals

    ----------------------------------------------------------------------

==============================================================================


      Code (inc. data)   RO Data    RW Data    ZI Data      Debug   

     43512       3068      19656       1128      60624    1067725   Grand Totals
     43512       3068      19656        356      60624    1067725   ELF Image Totals (compressed)
     43512       3068      19656        356          0          0   ROM Totals

==============================================================================

    Total RO  Size (Code + RO Data)                63168 (  61.69kB)
    Total RW  Size (RW Data + ZI Data)             61752 (  60.30kB)
    Total ROM Size (Code + RO Data + RW Data)      63524 (  62.04kB)

==============================================================================

