<html>
<body>
<pre>
<h1>µVision Build Log</h1>
<h2>Tool Versions:</h2>
IDE-Version: µVision V5.14.0.0
Copyright (C) 2015 ARM Ltd and ARM Germany GmbH. All rights reserved.
License Information: !!! Microsoft, Microsoft, LIC=QF830-B74JA-EVB1R-KXAMT-GL923-6WCMT
 
Tool Versions:
Toolchain:       MDK-ARM Standard  Version: 5.14.0.0
Toolchain Path:  C:\Keil_v5\ARM\ARMCC\Bin
C Compiler:      Armcc.exe V5.05 update 1 (build 106)
Assembler:       Armasm.exe V5.05 update 1 (build 106)
Linker/Locator:  ArmLink.exe V5.05 update 1 (build 106)
Library Manager: ArmAr.exe V5.05 update 1 (build 106)
Hex Converter:   FromElf.exe V5.05 update 1 (build 106)
CPU DLL:         SARMCM3.DLL V5.14.0.0
Dialog DLL:      DCM.DLL V1.13.1.0
Target DLL:      Segger\JL2CM3.dll V2.99.13.0
Dialog DLL:      TCM.DLL V1.14.4.0
 
<h2>Project:</h2>
D:\Repos\PLC_1xx\plc_1xx_L433\MDK-ARM\plc_1xx_L433.uvprojx
Project File Date:  11/01/2017

<h2>Output:</h2>
Build target 'plc_1xx_L433'
compiling port.c...
compiling cmsis_os.c...
compiling event_groups.c...
compiling queue.c...
compiling croutine.c...
compiling timers.c...
compiling heap_4.c...
compiling tasks.c...
compiling list.c...
compiling main.c...
compiling stm32l4xx_it.c...
compiling stm32l4xx_hal_timebase_TIM.c...
compiling freertos.c...
../Src/freertos.c(666): warning:  #1035-D: single-precision operand implicitly converted to double-precision
                if ( constant_voltage > 4000 && (icp_voltage * 0.001) <  break_level_icp ) break_sensor_icp = 0;
../Src/freertos.c(796): warning:  #1035-D: single-precision operand implicitly converted to double-precision
                                        icp_voltage = rms_acceleration_icp * 0.001;
../Src/freertos.c(1017): warning:  #1035-D: single-precision operand implicitly converted to double-precision
                        out_required_current = rms_velocity_icp / (range_out_420 / 16.0) + 4;           
../Src/freertos.c(1031): warning:  #1035-D: single-precision operand implicitly converted to double-precision
                        out_required_current = mb_master_recieve_data / (range_out_420 / 16.0) + 4;             
../Src/freertos.c(1037): warning:  #1035-D: single-precision operand implicitly converted to double-precision
                out_dac = a_to_v * 4096 / 3.3;
../Src/freertos.c(1007): warning:  #177-D: variable "variable_485" was declared but never referenced
        float32_t variable_485 = 0.0;
../Src/freertos.c(1063): warning:  #188-D: enumerated type mixed with another type
                                ssd1306_Fill(1);
../Src/freertos.c(1094): warning:  #188-D: enumerated type mixed with another type
                                                ssd1306_Fill(0);
../Src/freertos.c(1096): warning:  #188-D: enumerated type mixed with another type
                                                ssd1306_WriteString("ICP",Font_11x18,1);                                                
../Src/freertos.c(1099): warning:  #188-D: enumerated type mixed with another type
                                                ssd1306_WriteString(buffer,Font_11x18,1);       
../Src/freertos.c(1105): warning:  #188-D: enumerated type mixed with another type
                                                ssd1306_Fill(0);
../Src/freertos.c(1107): warning:  #188-D: enumerated type mixed with another type
                                                ssd1306_WriteString("4-20",Font_11x18,1);                                               
../Src/freertos.c(1110): warning:  #188-D: enumerated type mixed with another type
                                                ssd1306_WriteString(buffer,Font_11x18,1);       
../Src/freertos.c(1117): warning:  #188-D: enumerated type mixed with another type
                                                ssd1306_Fill(0);
../Src/freertos.c(1119): warning:  #188-D: enumerated type mixed with another type
                                                ssd1306_WriteString("485",Font_11x18,1);                                                        
../Src/freertos.c(1122): warning:  #188-D: enumerated type mixed with another type
                                                ssd1306_WriteString(buffer,Font_11x18,1);       
../Src/freertos.c(1128): warning:  #188-D: enumerated type mixed with another type
                                                ssd1306_Fill(0);
../Src/freertos.c(1131): warning:  #188-D: enumerated type mixed with another type
                                                ssd1306_WriteString("X:",font_8x14,1);                                          
../Src/freertos.c(1133): warning:  #188-D: enumerated type mixed with another type
                                                ssd1306_WriteString(buffer,font_8x14,1);        
../Src/freertos.c(1135): warning:  #188-D: enumerated type mixed with another type
                                                ssd1306_WriteString("Y:",font_8x14,1);                                                                                                  
../Src/freertos.c(1137): warning:  #188-D: enumerated type mixed with another type
                                                ssd1306_WriteString(buffer,font_8x14,1);        
../Src/freertos.c(1139): warning:  #188-D: enumerated type mixed with another type
                                                ssd1306_WriteString("Z:",font_8x14,1);                                                                                                  
../Src/freertos.c(1141): warning:  #188-D: enumerated type mixed with another type
                                                ssd1306_WriteString(buffer,font_8x14,1);        
../Src/freertos.c(1050): warning:  #177-D: variable "temp_stat" was declared but never referenced
        uint8_t temp_stat = 0;
../Src/freertos.c(1201): warning:  #177-D: variable "prev_state" was declared but never referenced
        uint8_t prev_state = 0;
../Src/freertos.c(1544): warning:  #550-D: variable "f_number" was set but never used
        uint16_t f_number = 0;
../Src/freertos.c: 26 warnings, 0 errors
compiling stm32l4xx_hal_msp.c...
compiling Task_manager.c...
..\Src\Task_manager.c(160): warning:  #676-D: using out-of-scope declaration of variable "htim2" (declared at line 64 of "../Inc/tim.h")
      return htim2.Instance->CNT;
..\Src\Task_manager.c: 1 warning, 0 errors
compiling spi.c...
compiling usart.c...
compiling gpio.c...
compiling dma.c...
compiling tim.c...
compiling adc.c...
compiling dac.c...
compiling Flash_manager.c...
compiling fonts.c...
compiling ssd1306.c...
..\Src\display\ssd1306.c(15): warning:  #177-D: variable "receive" was declared but never referenced
        uint8_t* receive;
..\Src\display\ssd1306.c(110): warning:  #188-D: enumerated type mixed with another type
        ssd1306_Fill(0);
..\Src\display\ssd1306.c: 2 warnings, 0 errors
compiling iwdg.c...
compiling system_stm32l4xx.c...
compiling stm32l4xx_hal_gpio.c...
compiling stm32l4xx_hal_spi.c...
compiling stm32l4xx_hal.c...
compiling stm32l4xx_hal_flash_ramfunc.c...
compiling stm32l4xx_hal_rcc.c...
compiling stm32l4xx_hal_rcc_ex.c...
compiling stm32l4xx_hal_adc.c...
compiling stm32l4xx_hal_dac.c...
compiling stm32l4xx_hal_cortex.c...
compiling stm32l4xx_hal_adc_ex.c...
compiling stm32l4xx_hal_dac_ex.c...
compiling stm32l4xx_hal_tim.c...
compiling stm32l4xx_hal_uart_ex.c...
compiling stm32l4xx_hal_flash_ex.c...
../Drivers/STM32L4xx_HAL_Driver/Src/stm32l4xx_hal_flash_ex.c(169): warning:  #188-D: enumerated type mixed with another type
        status = 0;
../Drivers/STM32L4xx_HAL_Driver/Src/stm32l4xx_hal_flash_ex.c: 1 warning, 0 errors
compiling stm32l4xx_hal_flash.c...
compiling stm32l4xx_hal_pwr.c...
compiling stm32l4xx_hal_tim_ex.c...
compiling stm32l4xx_hal_dma.c...
compiling stm32l4xx_hal_pwr_ex.c...
compiling stm32l4xx_hal_uart.c...
compiling stm32l4xx_hal_spi_ex.c...
compiling stm32l4xx_hal_i2c.c...
compiling stm32l4xx_hal_i2c_ex.c...
compiling stm32l4xx_hal_iwdg.c...
compiling stm32l4xx_hal_rtc.c...
compiling stm32l4xx_hal_rtc_ex.c...
linking...
plc_1xx_L433\plc_1xx_L433.axf: Warning: L6988W: Ignoring unknown patch sdcomp-29491-629360.
Program Size: Code=39848 RO-data=7824 RW-data=1196 ZI-data=62884  
Finished: 0 information, 1 warning and 0 error messages.
After Build - User command #1: fromelf --bin --output .\PLC_1xx.bin .\plc_1xx_L433\plc_1xx_L433.axf
"plc_1xx_L433\plc_1xx_L433.axf" - 0 Error(s), 31 Warning(s).

<h2>Software Packages used:</h2>

Package Vendor: ARM
                http://www.keil.com/pack/ARM.CMSIS.4.2.0.pack
                ARM::CMSIS:CORE:3.40.0
                CMSIS (Cortex Microcontroller Software Interface Standard)
   * Component: CORE Version: 3.40.0

<h2>Collection of Component include folders:</h2>
  D:\Repos\PLC_1xx\plc_1xx_L433\MDK-ARM\RTE
  C:\Keil_v5\ARM\PACK\ARM\CMSIS\4.2.0\CMSIS\Include
  C:\Keil_v5\ARM\PACK\Keil\STM32L4xx_DFP\1.4.0

<h2>Collection of Component Files used:</h2>

   * Component: ARM::CMSIS:CORE:3.40.0
      Source file:   CMSIS\UserCodeTemplates\ARM\ITM_Retarget.c
</pre>
</body>
</html>
