<html>
<body>
<pre>
<h1>µVision Build Log</h1>
<h2>Tool Versions:</h2>
IDE-Version: µVision V5.14.0.0
Copyright (C) 2015 ARM Ltd and ARM Germany GmbH. All rights reserved.
License Information: !!! Microsoft, Microsoft, LIC=QF830-B74JA-EVB1R-KXAMT-GL923-6WCMT
 
Tool Versions:
Toolchain:       MDK-ARM Standard  Version: 5.14.0.0
Toolchain Path:  C:\Keil_v5\ARM\ARMCC\Bin
C Compiler:      Armcc.exe V5.05 update 1 (build 106)
Assembler:       Armasm.exe V5.05 update 1 (build 106)
Linker/Locator:  ArmLink.exe V5.05 update 1 (build 106)
Library Manager: ArmAr.exe V5.05 update 1 (build 106)
Hex Converter:   FromElf.exe V5.05 update 1 (build 106)
CPU DLL:         SARMCM3.DLL V5.14.0.0
Dialog DLL:      DCM.DLL V1.13.1.0
Target DLL:      Segger\JL2CM3.dll V2.99.13.0
Dialog DLL:      TCM.DLL V1.14.4.0
 
<h2>Project:</h2>
D:\Repos\PLC_1xx\plc_1xx_L433\MDK-ARM\plc_1xx_L433.uvprojx
Project File Date:  10/10/2017

<h2>Output:</h2>
Build target 'plc_1xx_L433'
compiling port.c...
compiling cmsis_os.c...
compiling event_groups.c...
compiling queue.c...
compiling croutine.c...
compiling timers.c...
compiling heap_4.c...
compiling tasks.c...
compiling list.c...
compiling main.c...
compiling stm32l4xx_it.c...
compiling stm32l4xx_hal_timebase_TIM.c...
compiling freertos.c...
../Src/freertos.c(575): warning:  #1035-D: single-precision operand implicitly converted to double-precision
                if ( constant_voltage > 4000 && (icp_voltage * 0.001) <  break_level_icp ) break_sensor_icp = 0;
../Src/freertos.c(705): warning:  #1035-D: single-precision operand implicitly converted to double-precision
                                        icp_voltage = rms_acceleration_icp * 0.001;
../Src/freertos.c(905): warning:  #1035-D: single-precision operand implicitly converted to double-precision
                        out_required_current = rms_velocity_icp / (range_out_420 / 16.0) + 4;           
../Src/freertos.c(919): warning:  #1035-D: single-precision operand implicitly converted to double-precision
                        out_required_current = mb_master_recieve_data / (range_out_420 / 16.0) + 4;             
../Src/freertos.c(925): warning:  #1035-D: single-precision operand implicitly converted to double-precision
                out_dac = a_to_v * 4096 / 3.3;
../Src/freertos.c(895): warning:  #177-D: variable "variable_485" was declared but never referenced
        float32_t variable_485 = 0.0;
../Src/freertos.c(968): warning:  #188-D: enumerated type mixed with another type
                                ssd1306_Fill(0);
../Src/freertos.c(970): warning:  #188-D: enumerated type mixed with another type
                                ssd1306_WriteString("Ускоре",font_8x15_RU,1);
../Src/freertos.c(971): warning:  #188-D: enumerated type mixed with another type
                                ssd1306_WriteString("-",font_8x14,1);
../Src/freertos.c(973): warning:  #188-D: enumerated type mixed with another type
                                ssd1306_WriteString("ние",font_8x15_RU,1);
../Src/freertos.c(974): warning:  #188-D: enumerated type mixed with another type
                                ssd1306_WriteString(" ICP",font_8x14,1);
../Src/freertos.c(978): warning:  #188-D: enumerated type mixed with another type
                                ssd1306_WriteString(buffer,font_8x14,1);        
../Src/freertos.c(984): warning:  #188-D: enumerated type mixed with another type
                                ssd1306_Fill(0);
../Src/freertos.c(986): warning:  #188-D: enumerated type mixed with another type
                                ssd1306_WriteString("Скоро",font_8x15_RU,1);
../Src/freertos.c(987): warning:  #188-D: enumerated type mixed with another type
                                ssd1306_WriteString("-",font_8x14,1);
../Src/freertos.c(989): warning:  #188-D: enumerated type mixed with another type
                                ssd1306_WriteString("сть",font_8x15_RU,1);
../Src/freertos.c(990): warning:  #188-D: enumerated type mixed with another type
                                ssd1306_WriteString(" ICP",font_8x14,1);
../Src/freertos.c(994): warning:  #188-D: enumerated type mixed with another type
                                ssd1306_WriteString(buffer,font_8x14,1);        
../Src/freertos.c(1000): warning:  #188-D: enumerated type mixed with another type
                                ssd1306_Fill(0);
../Src/freertos.c(1002): warning:  #188-D: enumerated type mixed with another type
                                ssd1306_WriteString("Переме",font_8x15_RU,1);
../Src/freertos.c(1003): warning:  #188-D: enumerated type mixed with another type
                                ssd1306_WriteString("-",font_8x14,1);
../Src/freertos.c(1005): warning:  #188-D: enumerated type mixed with another type
                                ssd1306_WriteString("щен",font_8x15_RU,1);
../Src/freertos.c(1006): warning:  #188-D: enumerated type mixed with another type
                                ssd1306_WriteString(".ICP",font_8x14,1);
../Src/freertos.c(1010): warning:  #188-D: enumerated type mixed with another type
                                ssd1306_WriteString(buffer,font_8x14,1);        
../Src/freertos.c(1016): warning:  #188-D: enumerated type mixed with another type
                                ssd1306_Fill(0);
../Src/freertos.c(1018): warning:  #188-D: enumerated type mixed with another type
                                ssd1306_WriteString("Загруз",font_8x15_RU,1);
../Src/freertos.c(1019): warning:  #188-D: enumerated type mixed with another type
                                ssd1306_WriteString("-",font_8x14,1);
../Src/freertos.c(1021): warning:  #188-D: enumerated type mixed with another type
                                ssd1306_WriteString("ка",font_8x15_RU,1);
../Src/freertos.c(1022): warning:  #188-D: enumerated type mixed with another type
                                ssd1306_WriteString(" CPU",font_8x14,1);
../Src/freertos.c(1026): warning:  #188-D: enumerated type mixed with another type
                                ssd1306_WriteString(buffer,font_8x14,1);        
../Src/freertos.c(1032): warning:  #188-D: enumerated type mixed with another type
                                ssd1306_Fill(0);
../Src/freertos.c(1034): warning:  #188-D: enumerated type mixed with another type
                                ssd1306_WriteString("Ввод",font_8x15_RU,1);                             
../Src/freertos.c(1043): warning:  #188-D: enumerated type mixed with another type
                                        ssd1306_Fill(0);                                        
../Src/freertos.c(1045): warning:  #188-D: enumerated type mixed with another type
                                        ssd1306_WriteString("Настр",font_8x15_RU,1);                            
../Src/freertos.c(1046): warning:  #188-D: enumerated type mixed with another type
                                        ssd1306_WriteString(".",font_8x14,1);                                   
../Src/freertos.c(1048): warning:  #188-D: enumerated type mixed with another type
                                        ssd1306_WriteString("сохра",font_8x15_RU,1);                            
../Src/freertos.c(1049): warning:  #188-D: enumerated type mixed with another type
                                        ssd1306_WriteString("-",font_8x14,1);
../Src/freertos.c(1051): warning:  #188-D: enumerated type mixed with another type
                                        ssd1306_WriteString("нены",font_8x15_RU,1);                                     
../Src/freertos.c(1059): warning:  #188-D: enumerated type mixed with another type
                                ssd1306_Fill(0);
../Src/freertos.c(1061): warning:  #188-D: enumerated type mixed with another type
                                ssd1306_WriteString("Обрыв",font_8x15_RU,1);                            
../Src/freertos.c(1063): warning:  #188-D: enumerated type mixed with another type
                                ssd1306_WriteString("датчика",font_8x15_RU,1);
../Src/freertos.c(938): warning:  #177-D: variable "temp_stat" was declared but never referenced
        uint8_t temp_stat = 0;
../Src/freertos.c(1081): warning:  #177-D: variable "prev_state" was declared but never referenced
        uint8_t prev_state = 0;
../Src/freertos.c(1375): warning:  #550-D: variable "f_number" was set but never used
        uint16_t f_number = 0;
../Src/freertos.c(1377): warning:  #177-D: variable "temp_data" was declared but never referenced
        uint16_t temp_data[2];
../Src/freertos.c: 45 warnings, 0 errors
compiling stm32l4xx_hal_msp.c...
compiling Task_manager.c...
..\Src\Task_manager.c(160): warning:  #676-D: using out-of-scope declaration of variable "htim2" (declared at line 64 of "../Inc/tim.h")
      return htim2.Instance->CNT;
..\Src\Task_manager.c: 1 warning, 0 errors
compiling spi.c...
compiling usart.c...
compiling gpio.c...
compiling dma.c...
compiling tim.c...
compiling adc.c...
compiling dac.c...
compiling Flash_manager.c...
compiling fonts.c...
compiling ssd1306.c...
..\Src\display\ssd1306.c(15): warning:  #177-D: variable "receive" was declared but never referenced
        uint8_t* receive;
..\Src\display\ssd1306.c(110): warning:  #188-D: enumerated type mixed with another type
        ssd1306_Fill(0);
..\Src\display\ssd1306.c: 2 warnings, 0 errors
compiling system_stm32l4xx.c...
compiling stm32l4xx_hal_gpio.c...
compiling stm32l4xx_hal_spi.c...
compiling stm32l4xx_hal.c...
compiling stm32l4xx_hal_flash_ramfunc.c...
compiling stm32l4xx_hal_rcc.c...
compiling stm32l4xx_hal_rcc_ex.c...
compiling stm32l4xx_hal_adc.c...
compiling stm32l4xx_hal_dac.c...
compiling stm32l4xx_hal_cortex.c...
compiling stm32l4xx_hal_adc_ex.c...
compiling stm32l4xx_hal_dac_ex.c...
compiling stm32l4xx_hal_tim.c...
compiling stm32l4xx_hal_uart_ex.c...
compiling stm32l4xx_hal_flash_ex.c...
compiling stm32l4xx_hal_flash.c...
compiling stm32l4xx_hal_pwr.c...
compiling stm32l4xx_hal_tim_ex.c...
compiling stm32l4xx_hal_dma.c...
compiling stm32l4xx_hal_pwr_ex.c...
compiling stm32l4xx_hal_uart.c...
compiling stm32l4xx_hal_spi_ex.c...
compiling stm32l4xx_hal_i2c.c...
compiling stm32l4xx_hal_i2c_ex.c...
linking...
plc_1xx_L433\plc_1xx_L433.axf: Warning: L6988W: Ignoring unknown patch sdcomp-29491-629360.
Program Size: Code=36228 RO-data=6260 RW-data=1052 ZI-data=60748  
Finished: 0 information, 1 warning and 0 error messages.
"plc_1xx_L433\plc_1xx_L433.axf" - 0 Error(s), 49 Warning(s).

<h2>Software Packages used:</h2>

Package Vendor: ARM
                http://www.keil.com/pack/ARM.CMSIS.4.2.0.pack
                ARM::CMSIS:CORE:3.40.0
                CMSIS (Cortex Microcontroller Software Interface Standard)
   * Component: CORE Version: 3.40.0

<h2>Collection of Component include folders:</h2>
  D:\Repos\PLC_1xx\plc_1xx_L433\MDK-ARM\RTE
  C:\Keil_v5\ARM\PACK\ARM\CMSIS\4.2.0\CMSIS\Include
  C:\Keil_v5\ARM\PACK\Keil\STM32L4xx_DFP\1.4.0

<h2>Collection of Component Files used:</h2>

   * Component: ARM::CMSIS:CORE:3.40.0
      Source file:   CMSIS\UserCodeTemplates\ARM\ITM_Retarget.c
</pre>
</body>
</html>
